Archive member included to satisfy reference by file (symbol)

D:/ST/STM32CubeIDE_1.18.1/STM32CubeIDE/plugins/com.st.stm32cube.ide.mcu.externaltools.gnu-tools-for-stm32.13.3.rel1.win32_1.0.0.202411081344/tools/bin/../lib/gcc/arm-none-eabi/13.3.1/../../../../arm-none-eabi/lib/thumb/v7e-m+fp/hard\libc_nano.a(libc_a-exit.o)
                              D:/ST/STM32CubeIDE_1.18.1/STM32CubeIDE/plugins/com.st.stm32cube.ide.mcu.externaltools.gnu-tools-for-stm32.13.3.rel1.win32_1.0.0.202411081344/tools/bin/../lib/gcc/arm-none-eabi/13.3.1/../../../../arm-none-eabi/lib/thumb/v7e-m+fp/hard/crt0.o (exit)
D:/ST/STM32CubeIDE_1.18.1/STM32CubeIDE/plugins/com.st.stm32cube.ide.mcu.externaltools.gnu-tools-for-stm32.13.3.rel1.win32_1.0.0.202411081344/tools/bin/../lib/gcc/arm-none-eabi/13.3.1/../../../../arm-none-eabi/lib/thumb/v7e-m+fp/hard\libc_nano.a(libc_a-nano-vfprintf_float.o)
                              (_printf_float)
D:/ST/STM32CubeIDE_1.18.1/STM32CubeIDE/plugins/com.st.stm32cube.ide.mcu.externaltools.gnu-tools-for-stm32.13.3.rel1.win32_1.0.0.202411081344/tools/bin/../lib/gcc/arm-none-eabi/13.3.1/../../../../arm-none-eabi/lib/thumb/v7e-m+fp/hard\libc_nano.a(libc_a-nano-vfprintf_i.o)
                              D:/ST/STM32CubeIDE_1.18.1/STM32CubeIDE/plugins/com.st.stm32cube.ide.mcu.externaltools.gnu-tools-for-stm32.13.3.rel1.win32_1.0.0.202411081344/tools/bin/../lib/gcc/arm-none-eabi/13.3.1/../../../../arm-none-eabi/lib/thumb/v7e-m+fp/hard\libc_nano.a(libc_a-nano-vfprintf_float.o) (_printf_common)
D:/ST/STM32CubeIDE_1.18.1/STM32CubeIDE/plugins/com.st.stm32cube.ide.mcu.externaltools.gnu-tools-for-stm32.13.3.rel1.win32_1.0.0.202411081344/tools/bin/../lib/gcc/arm-none-eabi/13.3.1/../../../../arm-none-eabi/lib/thumb/v7e-m+fp/hard\libc_nano.a(libc_a-findfp.o)
                              D:/ST/STM32CubeIDE_1.18.1/STM32CubeIDE/plugins/com.st.stm32cube.ide.mcu.externaltools.gnu-tools-for-stm32.13.3.rel1.win32_1.0.0.202411081344/tools/bin/../lib/gcc/arm-none-eabi/13.3.1/../../../../arm-none-eabi/lib/thumb/v7e-m+fp/hard\libc_nano.a(libc_a-exit.o) (__stdio_exit_handler)
D:/ST/STM32CubeIDE_1.18.1/STM32CubeIDE/plugins/com.st.stm32cube.ide.mcu.externaltools.gnu-tools-for-stm32.13.3.rel1.win32_1.0.0.202411081344/tools/bin/../lib/gcc/arm-none-eabi/13.3.1/../../../../arm-none-eabi/lib/thumb/v7e-m+fp/hard\libc_nano.a(libc_a-fwalk.o)
                              D:/ST/STM32CubeIDE_1.18.1/STM32CubeIDE/plugins/com.st.stm32cube.ide.mcu.externaltools.gnu-tools-for-stm32.13.3.rel1.win32_1.0.0.202411081344/tools/bin/../lib/gcc/arm-none-eabi/13.3.1/../../../../arm-none-eabi/lib/thumb/v7e-m+fp/hard\libc_nano.a(libc_a-findfp.o) (_fwalk_sglue)
D:/ST/STM32CubeIDE_1.18.1/STM32CubeIDE/plugins/com.st.stm32cube.ide.mcu.externaltools.gnu-tools-for-stm32.13.3.rel1.win32_1.0.0.202411081344/tools/bin/../lib/gcc/arm-none-eabi/13.3.1/../../../../arm-none-eabi/lib/thumb/v7e-m+fp/hard\libc_nano.a(libc_a-printf.o)
                              ./Core/Src/wrapper.o (printf)
D:/ST/STM32CubeIDE_1.18.1/STM32CubeIDE/plugins/com.st.stm32cube.ide.mcu.externaltools.gnu-tools-for-stm32.13.3.rel1.win32_1.0.0.202411081344/tools/bin/../lib/gcc/arm-none-eabi/13.3.1/../../../../arm-none-eabi/lib/thumb/v7e-m+fp/hard\libc_nano.a(libc_a-puts.o)
                              ./Core/Src/wrapper.o (puts)
D:/ST/STM32CubeIDE_1.18.1/STM32CubeIDE/plugins/com.st.stm32cube.ide.mcu.externaltools.gnu-tools-for-stm32.13.3.rel1.win32_1.0.0.202411081344/tools/bin/../lib/gcc/arm-none-eabi/13.3.1/../../../../arm-none-eabi/lib/thumb/v7e-m+fp/hard\libc_nano.a(libc_a-stdio.o)
                              D:/ST/STM32CubeIDE_1.18.1/STM32CubeIDE/plugins/com.st.stm32cube.ide.mcu.externaltools.gnu-tools-for-stm32.13.3.rel1.win32_1.0.0.202411081344/tools/bin/../lib/gcc/arm-none-eabi/13.3.1/../../../../arm-none-eabi/lib/thumb/v7e-m+fp/hard\libc_nano.a(libc_a-findfp.o) (__sread)
D:/ST/STM32CubeIDE_1.18.1/STM32CubeIDE/plugins/com.st.stm32cube.ide.mcu.externaltools.gnu-tools-for-stm32.13.3.rel1.win32_1.0.0.202411081344/tools/bin/../lib/gcc/arm-none-eabi/13.3.1/../../../../arm-none-eabi/lib/thumb/v7e-m+fp/hard\libc_nano.a(libc_a-wbuf.o)
                              D:/ST/STM32CubeIDE_1.18.1/STM32CubeIDE/plugins/com.st.stm32cube.ide.mcu.externaltools.gnu-tools-for-stm32.13.3.rel1.win32_1.0.0.202411081344/tools/bin/../lib/gcc/arm-none-eabi/13.3.1/../../../../arm-none-eabi/lib/thumb/v7e-m+fp/hard\libc_nano.a(libc_a-puts.o) (__swbuf_r)
D:/ST/STM32CubeIDE_1.18.1/STM32CubeIDE/plugins/com.st.stm32cube.ide.mcu.externaltools.gnu-tools-for-stm32.13.3.rel1.win32_1.0.0.202411081344/tools/bin/../lib/gcc/arm-none-eabi/13.3.1/../../../../arm-none-eabi/lib/thumb/v7e-m+fp/hard\libc_nano.a(libc_a-wsetup.o)
                              D:/ST/STM32CubeIDE_1.18.1/STM32CubeIDE/plugins/com.st.stm32cube.ide.mcu.externaltools.gnu-tools-for-stm32.13.3.rel1.win32_1.0.0.202411081344/tools/bin/../lib/gcc/arm-none-eabi/13.3.1/../../../../arm-none-eabi/lib/thumb/v7e-m+fp/hard\libc_nano.a(libc_a-puts.o) (__swsetup_r)
[...]
Memory Configuration

Name             Origin             Length             Attributes
RAM              0x20000000         0x00020000         xrw
FLASH            0x08000000         0x00080000         xr
*default*        0x00000000         0xffffffff

Linker script and memory map

LOAD D:/ST/STM32CubeIDE_1.18.1/STM32CubeIDE/plugins/com.st.stm32cube.ide.mcu.externaltools.gnu-tools-for-stm32.13.3.rel1.win32_1.0.0.202411081344/tools/bin/../lib/gcc/arm-none-eabi/13.3.1/thumb/v7e-m+fp/hard/crti.o
LOAD D:/ST/STM32CubeIDE_1.18.1/STM32CubeIDE/plugins/com.st.stm32cube.ide.mcu.externaltools.gnu-tools-for-stm32.13.3.rel1.win32_1.0.0.202411081344/tools/bin/../lib/gcc/arm-none-eabi/13.3.1/thumb/v7e-m+fp/hard/crtbegin.o
LOAD D:/ST/STM32CubeIDE_1.18.1/STM32CubeIDE/plugins/com.st.stm32cube.ide.mcu.externaltools.gnu-tools-for-stm32.13.3.rel1.win32_1.0.0.202411081344/tools/bin/../lib/gcc/arm-none-eabi/13.3.1/../../../../arm-none-eabi/lib/thumb/v7e-m+fp/hard/crt0.o
LOAD ./Core/Src/gpio.o
LOAD ./Core/Src/main.o
LOAD ./Core/Src/stm32f4xx_hal_msp.o
LOAD ./Core/Src/stm32f4xx_it.o
LOAD ./Core/Src/stm32f4xx_nucleo_bus.o
LOAD ./Core/Src/syscalls.o
LOAD ./Core/Src/sysmem.o
LOAD ./Core/Src/system_stm32f4xx.o
LOAD ./Core/Src/usart.o
LOAD ./Core/Src/wrapper.o
LOAD ./Core/Startup/startup_stm32f446retx.o
LOAD ./Drivers/BSP/Components/vl53l4cx/modules/vl53lx_api.o
LOAD ./Drivers/BSP/Components/vl53l4cx/modules/vl53lx_api_calibration.o
LOAD ./Drivers/BSP/Components/vl53l4cx/modules/vl53lx_api_core.o
LOAD ./Drivers/BSP/Components/vl53l4cx/modules/vl53lx_api_debug.o
LOAD ./Drivers/BSP/Components/vl53l4cx/modules/vl53lx_api_preset_modes.o
LOAD ./Drivers/BSP/Components/vl53l4cx/modules/vl53lx_core.o
LOAD ./Drivers/BSP/Components/vl53l4cx/modules/vl53lx_core_support.o
LOAD ./Drivers/BSP/Components/vl53l4cx/modules/vl53lx_dmax.o
LOAD ./Drivers/BSP/Components/vl53l4cx/modules/vl53lx_hist_algos_gen3.o
LOAD ./Drivers/BSP/Components/vl53l4cx/modules/vl53lx_hist_algos_gen4.o
LOAD ./Drivers/BSP/Components/vl53l4cx/modules/vl53lx_hist_char.o
LOAD ./Drivers/BSP/Components/vl53l4cx/modules/vl53lx_hist_core.o
LOAD ./Drivers/BSP/Components/vl53l4cx/modules/vl53lx_hist_funcs.o
LOAD ./Drivers/BSP/Components/vl53l4cx/modules/vl53lx_nvm.o
LOAD ./Drivers/BSP/Components/vl53l4cx/modules/vl53lx_nvm_debug.o
LOAD ./Drivers/BSP/Components/vl53l4cx/modules/vl53lx_register_funcs.o
LOAD ./Drivers/BSP/Components/vl53l4cx/modules/vl53lx_sigma_estimate.o
LOAD ./Drivers/BSP/Components/vl53l4cx/modules/vl53lx_silicon_core.o
LOAD ./Drivers/BSP/Components/vl53l4cx/modules/vl53lx_wait.o
LOAD ./Drivers/BSP/Components/vl53l4cx/modules/vl53lx_xtalk.o
LOAD ./Drivers/BSP/Components/vl53l4cx/porting/vl53lx_platform.o
LOAD ./Drivers/BSP/Components/vl53l4cx/porting/vl53lx_platform_ipp.o
LOAD ./Drivers/BSP/Components/vl53l4cx/porting/vl53lx_platform_log.o
LOAD ./Drivers/BSP/Components/vl53l4cx/vl53l4cx.o
LOAD ./Drivers/STM32F4xx_HAL_Driver/Src/stm32f4xx_hal.o
LOAD ./Drivers/STM32F4xx_HAL_Driver/Src/stm32f4xx_hal_cortex.o
LOAD ./Drivers/STM32F4xx_HAL_Driver/Src/stm32f4xx_hal_dma.o
LOAD ./Drivers/STM32F4xx_HAL_Driver/Src/stm32f4xx_hal_dma_ex.o
LOAD ./Drivers/STM32F4xx_HAL_Driver/Src/stm32f4xx_hal_exti.o
LOAD ./Drivers/STM32F4xx_HAL_Driver/Src/stm32f4xx_hal_flash.o
LOAD ./Drivers/STM32F4xx_HAL_Driver/Src/stm32f4xx_hal_flash_ex.o
LOAD ./Drivers/STM32F4xx_HAL_Driver/Src/stm32f4xx_hal_flash_ramfunc.o
LOAD ./Drivers/STM32F4xx_HAL_Driver/Src/stm32f4xx_hal_gpio.o
LOAD ./Drivers/STM32F4xx_HAL_Driver/Src/stm32f4xx_hal_i2c.o
LOAD ./Drivers/STM32F4xx_HAL_Driver/Src/stm32f4xx_hal_i2c_ex.o
LOAD ./Drivers/STM32F4xx_HAL_Driver/Src/stm32f4xx_hal_pwr.o
LOAD ./Drivers/STM32F4xx_HAL_Driver/Src/stm32f4xx_hal_pwr_ex.o
LOAD ./Drivers/STM32F4xx_HAL_Driver/Src/stm32f4xx_hal_rcc.o
LOAD ./Drivers/STM32F4xx_HAL_Driver/Src/stm32f4xx_hal_rcc_ex.o
LOAD ./Drivers/STM32F4xx_HAL_Driver/Src/stm32f4xx_hal_uart.o
START GROUP
LOAD D:/ST/STM32CubeIDE_1.18.1/STM32CubeIDE/plugins/com.st.stm32cube.ide.mcu.externaltools.gnu-tools-for-stm32.13.3.rel1.win32_1.0.0.202411081344/tools/bin/../lib/gcc/arm-none-eabi/13.3.1/../../../../arm-none-eabi/lib/thumb/v7e-m+fp/hard\libstdc++_nano.a
LOAD D:/ST/STM32CubeIDE_1.18.1/STM32CubeIDE/plugins/com.st.stm32cube.ide.mcu.externaltools.gnu-tools-for-stm32.13.3.rel1.win32_1.0.0.202411081344/tools/bin/../lib/gcc/arm-none-eabi/13.3.1/../../../../arm-none-eabi/lib/thumb/v7e-m+fp/hard\libsupc++_nano.a
END GROUP
LOAD D:/ST/STM32CubeIDE_1.18.1/STM32CubeIDE/plugins/com.st.stm32cube.ide.mcu.externaltools.gnu-tools-for-stm32.13.3.rel1.win32_1.0.0.202411081344/tools/bin/../lib/gcc/arm-none-eabi/13.3.1/../../../../arm-none-eabi/lib/thumb/v7e-m+fp/hard\libstdc++_nano.a
LOAD D:/ST/STM32CubeIDE_1.18.1/STM32CubeIDE/plugins/com.st.stm32cube.ide.mcu.externaltools.gnu-tools-for-stm32.13.3.rel1.win32_1.0.0.202411081344/tools/bin/../lib/gcc/arm-none-eabi/13.3.1/../../../../arm-none-eabi/lib/thumb/v7e-m+fp/hard\libm.a
LOAD D:/ST/STM32CubeIDE_1.18.1/STM32CubeIDE/plugins/com.st.stm32cube.ide.mcu.externaltools.gnu-tools-for-stm32.13.3.rel1.win32_1.0.0.202411081344/tools/bin/../lib/gcc/arm-none-eabi/13.3.1/../../../../arm-none-eabi/lib/thumb/v7e-m+fp/hard\libc_nano.a
START GROUP
LOAD D:/ST/STM32CubeIDE_1.18.1/STM32CubeIDE/plugins/com.st.stm32cube.ide.mcu.externaltools.gnu-tools-for-stm32.13.3.rel1.win32_1.0.0.202411081344/tools/bin/../lib/gcc/arm-none-eabi/13.3.1/thumb/v7e-m+fp/hard\libgcc.a
LOAD D:/ST/STM32CubeIDE_1.18.1/STM32CubeIDE/plugins/com.st.stm32cube.ide.mcu.externaltools.gnu-tools-for-stm32.13.3.rel1.win32_1.0.0.202411081344/tools/bin/../lib/gcc/arm-none-eabi/13.3.1/../../../../arm-none-eabi/lib/thumb/v7e-m+fp/hard\libc_nano.a
END GROUP
START GROUP
LOAD D:/ST/STM32CubeIDE_1.18.1/STM32CubeIDE/plugins/com.st.stm32cube.ide.mcu.externaltools.gnu-tools-for-stm32.13.3.rel1.win32_1.0.0.202411081344/tools/bin/../lib/gcc/arm-none-eabi/13.3.1/thumb/v7e-m+fp/hard\libgcc.a
LOAD D:/ST/STM32CubeIDE_1.18.1/STM32CubeIDE/plugins/com.st.stm32cube.ide.mcu.externaltools.gnu-tools-for-stm32.13.3.rel1.win32_1.0.0.202411081344/tools/bin/../lib/gcc/arm-none-eabi/13.3.1/../../../../arm-none-eabi/lib/thumb/v7e-m+fp/hard\libc_nano.a
LOAD D:/ST/STM32CubeIDE_1.18.1/STM32CubeIDE/plugins/com.st.stm32cube.ide.mcu.externaltools.gnu-tools-for-stm32.13.3.rel1.win32_1.0.0.202411081344/tools/bin/../lib/gcc/arm-none-eabi/13.3.1/../../../../arm-none-eabi/lib/thumb/v7e-m+fp/hard\libnosys.a
END GROUP
START GROUP
LOAD D:/ST/STM32CubeIDE_1.18.1/STM32CubeIDE/plugins/com.st.stm32cube.ide.mcu.externaltools.gnu-tools-for-stm32.13.3.rel1.win32_1.0.0.202411081344/tools/bin/../lib/gcc/arm-none-eabi/13.3.1/thumb/v7e-m+fp/hard\libgcc.a
LOAD D:/ST/STM32CubeIDE_1.18.1/STM32CubeIDE/plugins/com.st.stm32cube.ide.mcu.externaltools.gnu-tools-for-stm32.13.3.rel1.win32_1.0.0.202411081344/tools/bin/../lib/gcc/arm-none-eabi/13.3.1/../../../../arm-none-eabi/lib/thumb/v7e-m+fp/hard\libc_nano.a
LOAD D:/ST/STM32CubeIDE_1.18.1/STM32CubeIDE/plugins/com.st.stm32cube.ide.mcu.externaltools.gnu-tools-for-stm32.13.3.rel1.win32_1.0.0.202411081344/tools/bin/../lib/gcc/arm-none-eabi/13.3.1/../../../../arm-none-eabi/lib/thumb/v7e-m+fp/hard\libnosys.a
END GROUP
LOAD D:/ST/STM32CubeIDE_1.18.1/STM32CubeIDE/plugins/com.st.stm32cube.ide.mcu.externaltools.gnu-tools-for-stm32.13.3.rel1.win32_1.0.0.202411081344/tools/bin/../lib/gcc/arm-none-eabi/13.3.1/thumb/v7e-m+fp/hard/crtend.o
LOAD D:/ST/STM32CubeIDE_1.18.1/STM32CubeIDE/plugins/com.st.stm32cube.ide.mcu.externaltools.gnu-tools-for-stm32.13.3.rel1.win32_1.0.0.202411081344/tools/bin/../lib/gcc/arm-none-eabi/13.3.1/thumb/v7e-m+fp/hard/crtn.o
                0x20020000                        _estack = (ORIGIN (RAM) + LENGTH (RAM))
                0x00000200                        _Min_Heap_Size = 0x200
                0x00000400                        _Min_Stack_Size = 0x400

.isr_vector     0x08000000      0x1c4
                0x08000000                        . = ALIGN (0x4)
 *(.isr_vector)
 .isr_vector    0x08000000      0x1c4 ./Core/Startup/startup_stm32f446retx.o
                0x08000000                g_pfnVectors
                0x080001c4                        . = ALIGN (0x4)

.text           0x080001d0    0x17490
                0x080001d0                        . = ALIGN (0x4)
 *(.text)
 .text          0x080001d0       0x40 D:/ST/STM32CubeIDE_1.18.1/STM32CubeIDE/plugins/com.st.stm32cube.ide.mcu.externaltools.gnu-tools-for-stm32.13.3.rel1.win32_1.0.0.202411081344/tools/bin/../lib/gcc/arm-none-eabi/13.3.1/thumb/v7e-m+fp/hard/crtbegin.o
 .text          0x08000210       0xa0 D:/ST/STM32CubeIDE_1.18.1/STM32CubeIDE/plugins/com.st.stm32cube.ide.mcu.externaltools.gnu-tools-for-stm32.13.3.rel1.win32_1.0.0.202411081344/tools/bin/../lib/gcc/arm-none-eabi/13.3.1/../../../../arm-none-eabi/lib/thumb/v7e-m+fp/hard\libc_nano.a(libc_a-memchr.o)
                0x08000210                memchr
 .text          0x080002b0       0x10 D:/ST/STM32CubeIDE_1.18.1/STM32CubeIDE/plugins/com.st.stm32cube.ide.mcu.externaltools.gnu-tools-for-stm32.13.3.rel1.win32_1.0.0.202411081344/tools/bin/../lib/gcc/arm-none-eabi/13.3.1/../../../../arm-none-eabi/lib/thumb/v7e-m+fp/hard\libc_nano.a(libc_a-strlen.o)
                0x080002b0                strlen
 .text          0x080002c0      0x378 D:/ST/STM32CubeIDE_1.18.1/STM32CubeIDE/plugins/com.st.stm32cube.ide.mcu.externaltools.gnu-tools-for-stm32.13.3.rel1.win32_1.0.0.202411081344/tools/bin/../lib/gcc/arm-none-eabi/13.3.1/thumb/v7e-m+fp/hard\libgcc.a(_arm_addsubdf3.o)
                0x080002c0                __aeabi_drsub
                0x080002c8                __aeabi_dsub
                0x080002c8                __subdf3
                0x080002cc                __aeabi_dadd
                0x080002cc                __adddf3
                0x08000544                __floatunsidf
                0x08000544                __aeabi_ui2d
                0x08000564                __floatsidf
                0x08000564                __aeabi_i2d
                0x08000588                __aeabi_f2d
                0x08000588                __extendsfdf2
                0x080005cc                __floatundidf
                0x080005cc                __aeabi_ul2d
                0x080005dc                __floatdidf
                0x080005dc                __aeabi_l2d
 .text          0x08000638      0x424 D:/ST/STM32CubeIDE_1.18.1/STM32CubeIDE/plugins/com.st.stm32cube.ide.mcu.externaltools.gnu-tools-for-stm32.13.3.rel1.win32_1.0.0.202411081344/tools/bin/../lib/gcc/arm-none-eabi/13.3.1/thumb/v7e-m+fp/hard\libgcc.a(_arm_muldivdf3.o)
                0x08000638                __aeabi_dmul
                0x08000638                __muldf3
                0x0800088c                __divdf3
                0x0800088c                __aeabi_ddiv
 .text          0x08000a5c      0x110 D:/ST/STM32CubeIDE_1.18.1/STM32CubeIDE/plugins/com.st.stm32cube.ide.mcu.externaltools.gnu-tools-for-stm32.13.3.rel1.win32_1.0.0.202411081344/tools/bin/../lib/gcc/arm-none-eabi/13.3.1/thumb/v7e-m+fp/hard\libgcc.a(_arm_cmpdf2.o)
                0x08000a5c                __gtdf2
                0x08000a5c                __gedf2
                0x08000a64                __ltdf2
                0x08000a64                __ledf2
                0x08000a6c                __nedf2
                0x08000a6c                __eqdf2
                0x08000a6c                __cmpdf2
                0x08000ae8                __aeabi_cdrcmple
                0x08000af8                __aeabi_cdcmpeq
                0x08000af8                __aeabi_cdcmple
                0x08000b08                __aeabi_dcmpeq
                0x08000b1c                __aeabi_dcmplt
                0x08000b30                __aeabi_dcmple
                0x08000b44                __aeabi_dcmpge
                0x08000b58                __aeabi_dcmpgt
 .text          0x08000b6c       0x2c D:/ST/STM32CubeIDE_1.18.1/STM32CubeIDE/plugins/com.st.stm32cube.ide.mcu.externaltools.gnu-tools-for-stm32.13.3.rel1.win32_1.0.0.202411081344/tools/bin/../lib/gcc/arm-none-eabi/13.3.1/thumb/v7e-m+fp/hard\libgcc.a(_arm_unorddf2.o)
                0x08000b6c                __unorddf2
                0x08000b6c                __aeabi_dcmpun
 .text          0x08000b98       0x50 D:/ST/STM32CubeIDE_1.18.1/STM32CubeIDE/plugins/com.st.stm32cube.ide.mcu.externaltools.gnu-tools-for-stm32.13.3.rel1.win32_1.0.0.202411081344/tools/bin/../lib/gcc/arm-none-eabi/13.3.1/thumb/v7e-m+fp/hard\libgcc.a(_arm_fixdfsi.o)
                0x08000b98                __aeabi_d2iz
                0x08000b98                __fixdfsi
 .text          0x08000be8       0xa0 D:/ST/STM32CubeIDE_1.18.1/STM32CubeIDE/plugins/com.st.stm32cube.ide.mcu.externaltools.gnu-tools-for-stm32.13.3.rel1.win32_1.0.0.202411081344/tools/bin/../lib/gcc/arm-none-eabi/13.3.1/thumb/v7e-m+fp/hard\libgcc.a(_aeabi_ldivmod.o)
                0x08000be8                __aeabi_ldivmod
 .text          0x08000c88       0x30 D:/ST/STM32CubeIDE_1.18.1/STM32CubeIDE/plugins/com.st.stm32cube.ide.mcu.externaltools.gnu-tools-for-stm32.13.3.rel1.win32_1.0.0.202411081344/tools/bin/../lib/gcc/arm-none-eabi/13.3.1/thumb/v7e-m+fp/hard\libgcc.a(_aeabi_uldivmod.o)
                0x08000c88                __aeabi_uldivmod
 .text          0x08000cb8      0x2f8 D:/ST/STM32CubeIDE_1.18.1/STM32CubeIDE/plugins/com.st.stm32cube.ide.mcu.externaltools.gnu-tools-for-stm32.13.3.rel1.win32_1.0.0.202411081344/tools/bin/../lib/gcc/arm-none-eabi/13.3.1/thumb/v7e-m+fp/hard\libgcc.a(_udivmoddi4.o)
                0x08000cb8                __udivmoddi4
 .text          0x08000fb0        0x4 D:/ST/STM32CubeIDE_1.18.1/STM32CubeIDE/plugins/com.st.stm32cube.ide.mcu.externaltools.gnu-tools-for-stm32.13.3.rel1.win32_1.0.0.202411081344/tools/bin/../lib/gcc/arm-none-eabi/13.3.1/thumb/v7e-m+fp/hard\libgcc.a(_dvmd_tls.o)
                0x08000fb0                __aeabi_idiv0
                0x08000fb0                __aeabi_ldiv0
 *(.text*)
 .text.MX_GPIO_Init
                0x08000fb4       0xdc ./Core/Src/gpio.o
                0x08000fb4                MX_GPIO_Init
 .text.__io_putchar
                0x08001090       0x24 ./Core/Src/main.o
                0x08001090                __io_putchar
 .text.main     0x080010b4       0x1e ./Core/Src/main.o
                0x080010b4                main
 *fill*         0x080010d2        0x2 
 .text.SystemClock_Config
                0x080010d4       0xdc ./Core/Src/main.o
                0x080010d4                SystemClock_Config
 .text.Error_Handler
                0x080011b0        0xc ./Core/Src/main.o
                0x080011b0                Error_Handler
 .text.HAL_MspInit
                0x080011bc       0x50 ./Core/Src/stm32f4xx_hal_msp.o
                0x080011bc                HAL_MspInit
 .text.NMI_Handler
                0x0800120c        0x8 ./Core/Src/stm32f4xx_it.o
                0x0800120c                NMI_Handler
 .text.HardFault_Handler
                0x08001214        0x8 ./Core/Src/stm32f4xx_it.o
                0x08001214                HardFault_Handler
 .text.MemManage_Handler
                0x0800121c        0x8 ./Core/Src/stm32f4xx_it.o
                0x0800121c                MemManage_Handler
 .text.BusFault_Handler
                0x08001224        0x8 ./Core/Src/stm32f4xx_it.o
                0x08001224                BusFault_Handler
 .text.UsageFault_Handler
                0x0800122c        0x8 ./Core/Src/stm32f4xx_it.o
                0x0800122c                UsageFault_Handler
 .text.SVC_Handler
                0x08001234        0xe ./Core/Src/stm32f4xx_it.o
                0x08001234                SVC_Handler
 .text.DebugMon_Handler
                0x08001242        0xe ./Core/Src/stm32f4xx_it.o
                0x08001242                DebugMon_Handler
 .text.PendSV_Handler
                0x08001250        0xe ./Core/Src/stm32f4xx_it.o
                0x08001250                PendSV_Handler
 .text.SysTick_Handler
                0x0800125e        0xc ./Core/Src/stm32f4xx_it.o
                0x0800125e                SysTick_Handler
 *fill*         0x0800126a        0x2 
 .text.BSP_I2C1_Init
                0x0800126c       0x64 ./Core/Src/stm32f4xx_nucleo_bus.o
                0x0800126c                BSP_I2C1_Init
 .text.BSP_I2C1_DeInit
                0x080012d0       0x50 ./Core/Src/stm32f4xx_nucleo_bus.o
                0x080012d0                BSP_I2C1_DeInit
 .text.BSP_I2C1_Send
                0x08001320       0x54 ./Core/Src/stm32f4xx_nucleo_bus.o
                0x08001320                BSP_I2C1_Send
 .text.BSP_I2C1_Recv
                0x08001374       0x54 ./Core/Src/stm32f4xx_nucleo_bus.o
                0x08001374                BSP_I2C1_Recv
 .text.BSP_GetTick
                0x080013c8        0xe ./Core/Src/stm32f4xx_nucleo_bus.o
                0x080013c8                BSP_GetTick
 *fill*         0x080013d6        0x2 
 .text.MX_I2C1_Init
                0x080013d8       0x68 ./Core/Src/stm32f4xx_nucleo_bus.o
                0x080013d8                MX_I2C1_Init
 .text.I2C1_MspInit
                0x08001440       0x94 ./Core/Src/stm32f4xx_nucleo_bus.o
 .text.I2C1_MspDeInit
                0x080014d4       0x38 ./Core/Src/stm32f4xx_nucleo_bus.o
 .text._getpid  0x0800150c       0x10 ./Core/Src/syscalls.o
                0x0800150c                _getpid
 .text._kill    0x0800151c       0x20 ./Core/Src/syscalls.o
                0x0800151c                _kill
 .text._exit    0x0800153c       0x16 ./Core/Src/syscalls.o
                0x0800153c                _exit
 .text._read    0x08001552       0x3a ./Core/Src/syscalls.o
                0x08001552                _read
 .text._write   0x0800158c       0x38 ./Core/Src/syscalls.o
                0x0800158c                _write
 .text._close   0x080015c4       0x18 ./Core/Src/syscalls.o
                0x080015c4                _close
 .text._fstat   0x080015dc       0x20 ./Core/Src/syscalls.o
                0x080015dc                _fstat
 .text._isatty  0x080015fc       0x16 ./Core/Src/syscalls.o
                0x080015fc                _isatty
 .text._lseek   0x08001612       0x1a ./Core/Src/syscalls.o
                0x08001612                _lseek
 .text._sbrk    0x0800162c       0x6c ./Core/Src/sysmem.o
                0x0800162c                _sbrk
 .text.SystemInit
                0x08001698       0x24 ./Core/Src/system_stm32f4xx.o
                0x08001698                SystemInit
 .text.MX_USART2_UART_Init
                0x080016bc       0x54 ./Core/Src/usart.o
                0x080016bc                MX_USART2_UART_Init
 .text.HAL_UART_MspInit
                0x08001710       0x90 ./Core/Src/usart.o
                0x08001710                HAL_UART_MspInit
 .text._ZL17vl53l4cx_io_writetPht
                0x080017a0       0x26 ./Core/Src/wrapper.o
 .text._ZL16vl53l4cx_io_readtPht
                0x080017c6       0x26 ./Core/Src/wrapper.o
 .text.init     0x080017ec       0x88 ./Core/Src/wrapper.o
                0x080017ec                init
 .text.loop     0x08001874       0xfc ./Core/Src/wrapper.o
                0x08001874                loop
 .text.Reset_Handler
                0x08001970       0x50 ./Core/Startup/startup_stm32f446retx.o
                0x08001970                Reset_Handler
 .text.Default_Handler
                0x080019c0        0x2 ./Core/Startup/startup_stm32f446retx.o
                0x080019c0                RTC_Alarm_IRQHandler
                0x080019c0                EXTI2_IRQHandler
                0x080019c0                TIM8_CC_IRQHandler
                0x080019c0                FMPI2C1_EV_IRQHandler
                0x080019c0                SPI4_IRQHandler
                0x080019c0                TIM1_CC_IRQHandler
                0x080019c0                DMA2_Stream5_IRQHandler
                0x080019c0                DMA1_Stream5_IRQHandler
                0x080019c0                PVD_IRQHandler
                0x080019c0                SDIO_IRQHandler
                0x080019c0                TAMP_STAMP_IRQHandler
                0x080019c0                CAN2_RX1_IRQHandler
                0x080019c0                EXTI3_IRQHandler
                0x080019c0                TIM8_TRG_COM_TIM14_IRQHandler
                0x080019c0                TIM1_UP_TIM10_IRQHandler
                0x080019c0                TIM8_UP_TIM13_IRQHandler
                0x080019c0                I2C3_ER_IRQHandler
                0x080019c0                EXTI0_IRQHandler
                0x080019c0                I2C2_EV_IRQHandler
                0x080019c0                DMA1_Stream2_IRQHandler
                0x080019c0                CAN1_RX0_IRQHandler
                0x080019c0                FPU_IRQHandler
                0x080019c0                OTG_HS_WKUP_IRQHandler
                0x080019c0                CAN2_SCE_IRQHandler
                0x080019c0                DMA2_Stream2_IRQHandler
                0x080019c0                SPI1_IRQHandler
                0x080019c0                TIM6_DAC_IRQHandler
                0x080019c0                TIM1_BRK_TIM9_IRQHandler
                0x080019c0                DCMI_IRQHandler
                0x080019c0                CAN2_RX0_IRQHandler
                0x080019c0                DMA2_Stream3_IRQHandler
                0x080019c0                SAI2_IRQHandler
                0x080019c0                USART6_IRQHandler
                0x080019c0                USART3_IRQHandler
                0x080019c0                CAN1_RX1_IRQHandler
                0x080019c0                UART5_IRQHandler
                0x080019c0                DMA2_Stream0_IRQHandler
                0x080019c0                TIM4_IRQHandler
                0x080019c0                QUADSPI_IRQHandler
                0x080019c0                I2C1_EV_IRQHandler
                0x080019c0                DMA1_Stream6_IRQHandler
                0x080019c0                DMA1_Stream1_IRQHandler
                0x080019c0                UART4_IRQHandler
                0x080019c0                TIM3_IRQHandler
                0x080019c0                RCC_IRQHandler
                0x080019c0                TIM8_BRK_TIM12_IRQHandler
                0x080019c0                Default_Handler
                0x080019c0                CEC_IRQHandler
                0x080019c0                EXTI15_10_IRQHandler
                0x080019c0                ADC_IRQHandler
                0x080019c0                DMA1_Stream7_IRQHandler
                0x080019c0                TIM7_IRQHandler
                0x080019c0                CAN2_TX_IRQHandler
                0x080019c0                TIM5_IRQHandler
                0x080019c0                DMA2_Stream7_IRQHandler
                0x080019c0                I2C3_EV_IRQHandler
                0x080019c0                EXTI9_5_IRQHandler
                0x080019c0                RTC_WKUP_IRQHandler
                0x080019c0                SPDIF_RX_IRQHandler
                0x080019c0                SPI2_IRQHandler
                0x080019c0                OTG_HS_EP1_IN_IRQHandler
                0x080019c0                DMA1_Stream0_IRQHandler
                0x080019c0                CAN1_TX_IRQHandler
                0x080019c0                FMPI2C1_ER_IRQHandler
                0x080019c0                EXTI4_IRQHandler
                0x080019c0                OTG_HS_EP1_OUT_IRQHandler
                0x080019c0                WWDG_IRQHandler
                0x080019c0                TIM2_IRQHandler
                0x080019c0                OTG_FS_WKUP_IRQHandler
                0x080019c0                TIM1_TRG_COM_TIM11_IRQHandler
                0x080019c0                OTG_HS_IRQHandler
                0x080019c0                EXTI1_IRQHandler
                0x080019c0                USART2_IRQHandler
                0x080019c0                I2C2_ER_IRQHandler
                0x080019c0                DMA2_Stream1_IRQHandler
                0x080019c0                CAN1_SCE_IRQHandler
                0x080019c0                FLASH_IRQHandler
                0x080019c0                DMA2_Stream4_IRQHandler
                0x080019c0                USART1_IRQHandler
                0x080019c0                OTG_FS_IRQHandler
                0x080019c0                SPI3_IRQHandler
                0x080019c0                DMA1_Stream4_IRQHandler
                0x080019c0                I2C1_ER_IRQHandler
                0x080019c0                FMC_IRQHandler
                0x080019c0                DMA2_Stream6_IRQHandler
                0x080019c0                SAI1_IRQHandler
                0x080019c0                DMA1_Stream3_IRQHandler
 .text.VL53LX_DataInit
                0x080019c2       0xb6 ./Drivers/BSP/Components/vl53l4cx/modules/vl53lx_api.o
                0x080019c2                VL53LX_DataInit
 .text.VL53LX_WaitDeviceBooted
                0x08001a78       0x26 ./Drivers/BSP/Components/vl53l4cx/modules/vl53lx_api.o
                0x08001a78                VL53LX_WaitDeviceBooted
 *fill*         0x08001a9e        0x2 
 .text.ComputeDevicePresetMode
                0x08001aa0       0x60 ./Drivers/BSP/Components/vl53l4cx/modules/vl53lx_api.o
 .text.SetPresetModeL3CX
                0x08001b00       0xb6 ./Drivers/BSP/Components/vl53l4cx/modules/vl53lx_api.o
 .text.IsL4     0x08001bb6       0x38 ./Drivers/BSP/Components/vl53l4cx/modules/vl53lx_api.o
 .text.CheckValidRectRoi
                0x08001bee       0x4c ./Drivers/BSP/Components/vl53l4cx/modules/vl53lx_api.o
 .text.VL53LX_SetDistanceMode
                0x08001c3a       0xd0 ./Drivers/BSP/Components/vl53l4cx/modules/vl53lx_api.o
                0x08001c3a                VL53LX_SetDistanceMode
 *fill*         0x08001d0a        0x2 
 .text.VL53LX_SetMeasurementTimingBudgetMicroSeconds
                0x08001d0c       0xf0 ./Drivers/BSP/Components/vl53l4cx/modules/vl53lx_api.o
                0x08001d0c                VL53LX_SetMeasurementTimingBudgetMicroSeconds
 .text.VL53LX_SetUserROI
                0x08001dfc       0xda ./Drivers/BSP/Components/vl53l4cx/modules/vl53lx_api.o
                0x08001dfc                VL53LX_SetUserROI
 .text.VL53LX_StartMeasurement
                0x08001ed6       0x9c ./Drivers/BSP/Components/vl53l4cx/modules/vl53lx_api.o
                0x08001ed6                VL53LX_StartMeasurement
 .text.VL53LX_ClearInterruptAndStartMeasurement
                0x08001f72       0x2c ./Drivers/BSP/Components/vl53l4cx/modules/vl53lx_api.o
                0x08001f72                VL53LX_ClearInterruptAndStartMeasurement
 .text.VL53LX_GetMeasurementDataReady
                0x08001f9e       0x26 ./Drivers/BSP/Components/vl53l4cx/modules/vl53lx_api.o
                0x08001f9e                VL53LX_GetMeasurementDataReady
 .text.ConvertStatusHisto
                0x08001fc4       0xa8 ./Drivers/BSP/Components/vl53l4cx/modules/vl53lx_api.o
 .text.SetTargetData
                0x0800206c      0x5ac ./Drivers/BSP/Components/vl53l4cx/modules/vl53lx_api.o
 .text.SetMeasurementData
                0x08002618      0x142 ./Drivers/BSP/Components/vl53l4cx/modules/vl53lx_api.o
 .text.VL53LX_GetMultiRangingData
                0x0800275a       0x4e ./Drivers/BSP/Components/vl53l4cx/modules/vl53lx_api.o
                0x0800275a                VL53LX_GetMultiRangingData
 .text.VL53LX_PerformRefSpadManagement
                0x080027a8      0x108 ./Drivers/BSP/Components/vl53l4cx/modules/vl53lx_api.o
                0x080027a8                VL53LX_PerformRefSpadManagement
 .text.VL53LX_SmudgeCorrectionEnable
                0x080028b0       0xf0 ./Drivers/BSP/Components/vl53l4cx/modules/vl53lx_api.o
                0x080028b0                VL53LX_SmudgeCorrectionEnable
 .text.VL53LX_run_ref_spad_char
                0x080029a0      0x19a ./Drivers/BSP/Components/vl53l4cx/modules/vl53lx_api_calibration.o
                0x080029a0                VL53LX_run_ref_spad_char
 .text.VL53LX_run_device_test
                0x08002b3a       0xea ./Drivers/BSP/Components/vl53l4cx/modules/vl53lx_api_calibration.o
                0x08002b3a                VL53LX_run_device_test
 .text.select_offset_per_vcsel
                0x08002c24       0xce ./Drivers/BSP/Components/vl53l4cx/modules/vl53lx_api_core.o
 .text.vl53lx_diff_histo_stddev
                0x08002cf2      0x122 ./Drivers/BSP/Components/vl53l4cx/modules/vl53lx_api_core.o
 .text.vl53lx_histo_merge
                0x08002e14      0x2d2 ./Drivers/BSP/Components/vl53l4cx/modules/vl53lx_api_core.o
 *fill*         0x080030e6        0x2 
 .text.VL53LX_load_patch
                0x080030e8      0x25c ./Drivers/BSP/Components/vl53l4cx/modules/vl53lx_api_core.o
                0x080030e8                VL53LX_load_patch
 .text.VL53LX_data_init
                0x08003344      0x362 ./Drivers/BSP/Components/vl53l4cx/modules/vl53lx_api_core.o
                0x08003344                VL53LX_data_init
 .text.VL53LX_read_p2p_data
                0x080036a6      0x24c ./Drivers/BSP/Components/vl53l4cx/modules/vl53lx_api_core.o
                0x080036a6                VL53LX_read_p2p_data
 .text.VL53LX_set_inter_measurement_period_ms
                0x080038f2       0x5c ./Drivers/BSP/Components/vl53l4cx/modules/vl53lx_api_core.o
                0x080038f2                VL53LX_set_inter_measurement_period_ms
 .text.VL53LX_set_timeouts_us
                0x0800394e       0x72 ./Drivers/BSP/Components/vl53l4cx/modules/vl53lx_api_core.o
                0x0800394e                VL53LX_set_timeouts_us
 .text.VL53LX_get_timeouts_us
                0x080039c0       0xd4 ./Drivers/BSP/Components/vl53l4cx/modules/vl53lx_api_core.o
                0x080039c0                VL53LX_get_timeouts_us
 .text.VL53LX_set_user_zone
                0x08003a94       0x48 ./Drivers/BSP/Components/vl53l4cx/modules/vl53lx_api_core.o
                0x08003a94                VL53LX_set_user_zone
 .text.VL53LX_get_mode_mitigation_roi
                0x08003adc       0x6a ./Drivers/BSP/Components/vl53l4cx/modules/vl53lx_api_core.o
                0x08003adc                VL53LX_get_mode_mitigation_roi
 .text.VL53LX_init_zone_config_histogram_bins
                0x08003b46       0x3e ./Drivers/BSP/Components/vl53l4cx/modules/vl53lx_api_core.o
                0x08003b46                VL53LX_init_zone_config_histogram_bins
 .text.VL53LX_set_zone_config
                0x08003b84       0x86 ./Drivers/BSP/Components/vl53l4cx/modules/vl53lx_api_core.o
                0x08003b84                VL53LX_set_zone_config
 .text.VL53LX_get_preset_mode_timing_cfg
                0x08003c0a       0xc2 ./Drivers/BSP/Components/vl53l4cx/modules/vl53lx_api_core.o
                0x08003c0a                VL53LX_get_preset_mode_timing_cfg
 .text.VL53LX_set_preset_mode
                0x08003ccc      0x186 ./Drivers/BSP/Components/vl53l4cx/modules/vl53lx_api_core.o
                0x08003ccc                VL53LX_set_preset_mode
 *fill*         0x08003e52        0x2 
 .text.VL53LX_init_and_start_range
                0x08003e54      0x59c ./Drivers/BSP/Components/vl53l4cx/modules/vl53lx_api_core.o
                0x08003e54                VL53LX_init_and_start_range
 .text.VL53LX_get_measurement_results
                0x080043f0      0x17e ./Drivers/BSP/Components/vl53l4cx/modules/vl53lx_api_core.o
                0x080043f0                VL53LX_get_measurement_results
 .text.VL53LX_get_device_results
                0x0800456e      0x804 ./Drivers/BSP/Components/vl53l4cx/modules/vl53lx_api_core.o
                0x0800456e                VL53LX_get_device_results
 .text.VL53LX_clear_interrupt_and_enable_next_range
                0x08004d72       0x34 ./Drivers/BSP/Components/vl53l4cx/modules/vl53lx_api_core.o
                0x08004d72                VL53LX_clear_interrupt_and_enable_next_range
 *fill*         0x08004da6        0x2 
 .text.VL53LX_get_histogram_bin_data
                0x08004da8      0x604 ./Drivers/BSP/Components/vl53l4cx/modules/vl53lx_api_core.o
                0x08004da8                VL53LX_get_histogram_bin_data
 .text.VL53LX_copy_sys_and_core_results_to_range_results
                0x080053ac      0x2e8 ./Drivers/BSP/Components/vl53l4cx/modules/vl53lx_api_core.o
                0x080053ac                VL53LX_copy_sys_and_core_results_to_range_results
 .text.VL53LX_set_zone_dss_config
                0x08005694       0x4e ./Drivers/BSP/Components/vl53l4cx/modules/vl53lx_api_core.o
                0x08005694                VL53LX_set_zone_dss_config
 .text.VL53LX_set_dmax_mode
                0x080056e2       0x2c ./Drivers/BSP/Components/vl53l4cx/modules/vl53lx_api_core.o
                0x080056e2                VL53LX_set_dmax_mode
 .text.VL53LX_get_dmax_calibration_data
                0x0800570e       0x54 ./Drivers/BSP/Components/vl53l4cx/modules/vl53lx_api_core.o
                0x0800570e                VL53LX_get_dmax_calibration_data
 *fill*         0x08005762        0x2 
 .text.VL53LX_get_tuning_parm
                0x08005764      0xde8 ./Drivers/BSP/Components/vl53l4cx/modules/vl53lx_api_core.o
                0x08005764                VL53LX_get_tuning_parm
 .text.VL53LX_dynamic_xtalk_correction_enable
                0x0800654c       0x2e ./Drivers/BSP/Components/vl53l4cx/modules/vl53lx_api_core.o
                0x0800654c                VL53LX_dynamic_xtalk_correction_enable
 .text.VL53LX_dynamic_xtalk_correction_disable
                0x0800657a       0x2e ./Drivers/BSP/Components/vl53l4cx/modules/vl53lx_api_core.o
                0x0800657a                VL53LX_dynamic_xtalk_correction_disable
 .text.VL53LX_dynamic_xtalk_correction_apply_disable
                0x080065a8       0x2e ./Drivers/BSP/Components/vl53l4cx/modules/vl53lx_api_core.o
                0x080065a8                VL53LX_dynamic_xtalk_correction_apply_disable
 .text.VL53LX_dynamic_xtalk_correction_single_apply_enable
                0x080065d6       0x2e ./Drivers/BSP/Components/vl53l4cx/modules/vl53lx_api_core.o
                0x080065d6                VL53LX_dynamic_xtalk_correction_single_apply_enable
 .text.VL53LX_dynamic_xtalk_correction_single_apply_disable
                0x08006604       0x2e ./Drivers/BSP/Components/vl53l4cx/modules/vl53lx_api_core.o
                0x08006604                VL53LX_dynamic_xtalk_correction_single_apply_disable
 .text.VL53LX_dynamic_xtalk_correction_apply_enable
                0x08006632       0x2e ./Drivers/BSP/Components/vl53l4cx/modules/vl53lx_api_core.o
                0x08006632                VL53LX_dynamic_xtalk_correction_apply_enable
 .text.VL53LX_init_refspadchar_config_struct
                0x08006660       0x48 ./Drivers/BSP/Components/vl53l4cx/modules/vl53lx_api_preset_modes.o
                0x08006660                VL53LX_init_refspadchar_config_struct
 .text.VL53LX_init_ssc_config_struct
                0x080066a8       0x42 ./Drivers/BSP/Components/vl53l4cx/modules/vl53lx_api_preset_modes.o
                0x080066a8                VL53LX_init_ssc_config_struct
 .text.VL53LX_init_xtalk_config_struct
                0x080066ea       0xe6 ./Drivers/BSP/Components/vl53l4cx/modules/vl53lx_api_preset_modes.o
                0x080066ea                VL53LX_init_xtalk_config_struct
 .text.VL53LX_init_xtalk_extract_config_struct
                0x080067d0       0x5e ./Drivers/BSP/Components/vl53l4cx/modules/vl53lx_api_preset_modes.o
                0x080067d0                VL53LX_init_xtalk_extract_config_struct
 .text.VL53LX_init_offset_cal_config_struct
                0x0800682e       0x4e ./Drivers/BSP/Components/vl53l4cx/modules/vl53lx_api_preset_modes.o
                0x0800682e                VL53LX_init_offset_cal_config_struct
 .text.VL53LX_init_zone_cal_config_struct
                0x0800687c       0x48 ./Drivers/BSP/Components/vl53l4cx/modules/vl53lx_api_preset_modes.o
                0x0800687c                VL53LX_init_zone_cal_config_struct
 .text.VL53LX_init_hist_post_process_config_struct
                0x080068c4       0xde ./Drivers/BSP/Components/vl53l4cx/modules/vl53lx_api_preset_modes.o
                0x080068c4                VL53LX_init_hist_post_process_config_struct
 .text.VL53LX_init_tuning_parm_storage_struct
                0x080069a2      0x338 ./Drivers/BSP/Components/vl53l4cx/modules/vl53lx_api_preset_modes.o
                0x080069a2                VL53LX_init_tuning_parm_storage_struct
 .text.VL53LX_init_hist_gen3_dmax_config_struct
                0x08006cda       0x6c ./Drivers/BSP/Components/vl53l4cx/modules/vl53lx_api_preset_modes.o
                0x08006cda                VL53LX_init_hist_gen3_dmax_config_struct
 .text.VL53LX_preset_mode_standard_ranging
                0x08006d46      0x2f2 ./Drivers/BSP/Components/vl53l4cx/modules/vl53lx_api_preset_modes.o
                0x08006d46                VL53LX_preset_mode_standard_ranging
 .text.VL53LX_preset_mode_histogram_ranging
                0x08007038      0x12a ./Drivers/BSP/Components/vl53l4cx/modules/vl53lx_api_preset_modes.o
                0x08007038                VL53LX_preset_mode_histogram_ranging
 .text.VL53LX_preset_mode_histogram_long_range
                0x08007162      0x13c ./Drivers/BSP/Components/vl53l4cx/modules/vl53lx_api_preset_modes.o
                0x08007162                VL53LX_preset_mode_histogram_long_range
 .text.VL53LX_preset_mode_histogram_medium_range
                0x0800729e      0x13c ./Drivers/BSP/Components/vl53l4cx/modules/vl53lx_api_preset_modes.o
                0x0800729e                VL53LX_preset_mode_histogram_medium_range
 .text.VL53LX_preset_mode_histogram_short_range
                0x080073da      0x13c ./Drivers/BSP/Components/vl53l4cx/modules/vl53lx_api_preset_modes.o
                0x080073da                VL53LX_preset_mode_histogram_short_range
 .text.VL53LX_copy_hist_cfg_to_static_cfg
                0x08007516       0xde ./Drivers/BSP/Components/vl53l4cx/modules/vl53lx_api_preset_modes.o
                0x08007516                VL53LX_copy_hist_cfg_to_static_cfg
 .text.VL53LX_copy_hist_bins_to_static_cfg
                0x080075f4       0xbc ./Drivers/BSP/Components/vl53l4cx/modules/vl53lx_api_preset_modes.o
                0x080075f4                VL53LX_copy_hist_bins_to_static_cfg
 .text.VL53LX_init_version
                0x080076b0       0x38 ./Drivers/BSP/Components/vl53l4cx/modules/vl53lx_core.o
                0x080076b0                VL53LX_init_version
 .text.VL53LX_init_ll_driver_state
                0x080076e8       0x60 ./Drivers/BSP/Components/vl53l4cx/modules/vl53lx_core.o
                0x080076e8                VL53LX_init_ll_driver_state
 .text.VL53LX_update_ll_driver_rd_state
                0x08007748      0x1dc ./Drivers/BSP/Components/vl53l4cx/modules/vl53lx_core.o
                0x08007748                VL53LX_update_ll_driver_rd_state
 .text.VL53LX_check_ll_driver_rd_state
                0x08007924      0x164 ./Drivers/BSP/Components/vl53l4cx/modules/vl53lx_core.o
                0x08007924                VL53LX_check_ll_driver_rd_state
 .text.VL53LX_update_ll_driver_cfg_state
                0x08007a88      0x24c ./Drivers/BSP/Components/vl53l4cx/modules/vl53lx_core.o
                0x08007a88                VL53LX_update_ll_driver_cfg_state
 .text.VL53LX_copy_rtn_good_spads_to_buffer
                0x08007cd4      0x174 ./Drivers/BSP/Components/vl53l4cx/modules/vl53lx_core.o
                0x08007cd4                VL53LX_copy_rtn_good_spads_to_buffer
 .text.VL53LX_init_system_results
                0x08007e48       0xcc ./Drivers/BSP/Components/vl53l4cx/modules/vl53lx_core.o
                0x08007e48                VL53LX_init_system_results
 .text.V53L1_init_zone_results_structure
                0x08007f14       0x6a ./Drivers/BSP/Components/vl53l4cx/modules/vl53lx_core.o
                0x08007f14                V53L1_init_zone_results_structure
 .text.VL53LX_init_histogram_config_structure
                0x08007f7e      0x120 ./Drivers/BSP/Components/vl53l4cx/modules/vl53lx_core.o
                0x08007f7e                VL53LX_init_histogram_config_structure
 .text.VL53LX_init_histogram_multizone_config_structure
                0x0800809e      0x120 ./Drivers/BSP/Components/vl53l4cx/modules/vl53lx_core.o
                0x0800809e                VL53LX_init_histogram_multizone_config_structure
 .text.VL53LX_init_xtalk_bin_data_struct
                0x080081be       0xa6 ./Drivers/BSP/Components/vl53l4cx/modules/vl53lx_core.o
                0x080081be                VL53LX_init_xtalk_bin_data_struct
 .text.VL53LX_i2c_encode_uint16_t
                0x08008264       0x56 ./Drivers/BSP/Components/vl53l4cx/modules/vl53lx_core.o
                0x08008264                VL53LX_i2c_encode_uint16_t
 .text.VL53LX_i2c_decode_uint16_t
                0x080082ba       0x42 ./Drivers/BSP/Components/vl53l4cx/modules/vl53lx_core.o
                0x080082ba                VL53LX_i2c_decode_uint16_t
 .text.VL53LX_i2c_encode_int16_t
                0x080082fc       0x58 ./Drivers/BSP/Components/vl53l4cx/modules/vl53lx_core.o
                0x080082fc                VL53LX_i2c_encode_int16_t
 .text.VL53LX_i2c_decode_int16_t
                0x08008354       0x50 ./Drivers/BSP/Components/vl53l4cx/modules/vl53lx_core.o
                0x08008354                VL53LX_i2c_decode_int16_t
 .text.VL53LX_i2c_encode_uint32_t
                0x080083a4       0x54 ./Drivers/BSP/Components/vl53l4cx/modules/vl53lx_core.o
                0x080083a4                VL53LX_i2c_encode_uint32_t
 .text.VL53LX_i2c_decode_uint32_t
                0x080083f8       0x3a ./Drivers/BSP/Components/vl53l4cx/modules/vl53lx_core.o
                0x080083f8                VL53LX_i2c_decode_uint32_t
 .text.VL53LX_i2c_decode_int32_t
                0x08008432       0x4a ./Drivers/BSP/Components/vl53l4cx/modules/vl53lx_core.o
                0x08008432                VL53LX_i2c_decode_int32_t
 .text.VL53LX_start_test
                0x0800847c       0x34 ./Drivers/BSP/Components/vl53l4cx/modules/vl53lx_core.o
                0x0800847c                VL53LX_start_test
 .text.VL53LX_set_firmware_enable_register
                0x080084b0       0x3e ./Drivers/BSP/Components/vl53l4cx/modules/vl53lx_core.o
                0x080084b0                VL53LX_set_firmware_enable_register
 .text.VL53LX_enable_firmware
                0x080084ee       0x24 ./Drivers/BSP/Components/vl53l4cx/modules/vl53lx_core.o
                0x080084ee                VL53LX_enable_firmware
 .text.VL53LX_disable_firmware
                0x08008512       0x24 ./Drivers/BSP/Components/vl53l4cx/modules/vl53lx_core.o
                0x08008512                VL53LX_disable_firmware
 .text.VL53LX_set_powerforce_register
                0x08008536       0x3e ./Drivers/BSP/Components/vl53l4cx/modules/vl53lx_core.o
                0x08008536                VL53LX_set_powerforce_register
 .text.VL53LX_enable_powerforce
                0x08008574       0x24 ./Drivers/BSP/Components/vl53l4cx/modules/vl53lx_core.o
                0x08008574                VL53LX_enable_powerforce
 .text.VL53LX_disable_powerforce
                0x08008598       0x24 ./Drivers/BSP/Components/vl53l4cx/modules/vl53lx_core.o
                0x08008598                VL53LX_disable_powerforce
 .text.VL53LX_clear_interrupt
                0x080085bc       0x3a ./Drivers/BSP/Components/vl53l4cx/modules/vl53lx_core.o
                0x080085bc                VL53LX_clear_interrupt
 .text.VL53LX_calc_macro_period_us
                0x080085f6       0x5e ./Drivers/BSP/Components/vl53l4cx/modules/vl53lx_core.o
                0x080085f6                VL53LX_calc_macro_period_us
 .text.VL53LX_calc_range_ignore_threshold
                0x08008654       0xc4 ./Drivers/BSP/Components/vl53l4cx/modules/vl53lx_core.o
                0x08008654                VL53LX_calc_range_ignore_threshold
 .text.VL53LX_calc_timeout_mclks
                0x08008718       0x3a ./Drivers/BSP/Components/vl53l4cx/modules/vl53lx_core.o
                0x08008718                VL53LX_calc_timeout_mclks
 .text.VL53LX_calc_encoded_timeout
                0x08008752       0x30 ./Drivers/BSP/Components/vl53l4cx/modules/vl53lx_core.o
                0x08008752                VL53LX_calc_encoded_timeout
 .text.VL53LX_calc_timeout_us
                0x08008782       0x80 ./Drivers/BSP/Components/vl53l4cx/modules/vl53lx_core.o
                0x08008782                VL53LX_calc_timeout_us
 *fill*         0x08008802        0x2 
 .text.VL53LX_calc_crosstalk_plane_offset_with_margin
                0x08008804       0x4c ./Drivers/BSP/Components/vl53l4cx/modules/vl53lx_core.o
                0x08008804                VL53LX_calc_crosstalk_plane_offset_with_margin
 .text.VL53LX_calc_decoded_timeout_us
                0x08008850       0x32 ./Drivers/BSP/Components/vl53l4cx/modules/vl53lx_core.o
                0x08008850                VL53LX_calc_decoded_timeout_us
 .text.VL53LX_encode_timeout
                0x08008882       0x54 ./Drivers/BSP/Components/vl53l4cx/modules/vl53lx_core.o
                0x08008882                VL53LX_encode_timeout
 .text.VL53LX_decode_timeout
                0x080088d6       0x2c ./Drivers/BSP/Components/vl53l4cx/modules/vl53lx_core.o
                0x080088d6                VL53LX_decode_timeout
 .text.VL53LX_calc_timeout_register_values
                0x08008902       0xf2 ./Drivers/BSP/Components/vl53l4cx/modules/vl53lx_core.o
                0x08008902                VL53LX_calc_timeout_register_values
 .text.VL53LX_hist_copy_and_scale_ambient_info
                0x080089f4      0x1fc ./Drivers/BSP/Components/vl53l4cx/modules/vl53lx_core.o
                0x080089f4                VL53LX_hist_copy_and_scale_ambient_info
 .text.VL53LX_hist_get_bin_sequence_config
                0x08008bf0      0x2bc ./Drivers/BSP/Components/vl53l4cx/modules/vl53lx_core.o
                0x08008bf0                VL53LX_hist_get_bin_sequence_config
 .text.VL53LX_hist_phase_consistency_check
                0x08008eac      0x262 ./Drivers/BSP/Components/vl53l4cx/modules/vl53lx_core.o
                0x08008eac                VL53LX_hist_phase_consistency_check
 .text.VL53LX_hist_events_consistency_check
                0x0800910e      0x624 ./Drivers/BSP/Components/vl53l4cx/modules/vl53lx_core.o
                0x0800910e                VL53LX_hist_events_consistency_check
 .text.VL53LX_hist_merged_pulse_check
                0x08009732       0x86 ./Drivers/BSP/Components/vl53l4cx/modules/vl53lx_core.o
                0x08009732                VL53LX_hist_merged_pulse_check
 .text.VL53LX_hist_xmonitor_consistency_check
                0x080097b8       0xb0 ./Drivers/BSP/Components/vl53l4cx/modules/vl53lx_core.o
                0x080097b8                VL53LX_hist_xmonitor_consistency_check
 .text.VL53LX_hist_wrap_dmax
                0x08009868       0x6c ./Drivers/BSP/Components/vl53l4cx/modules/vl53lx_core.o
                0x08009868                VL53LX_hist_wrap_dmax
 .text.VL53LX_hist_combine_mm1_mm2_offsets
                0x080098d4      0x11e ./Drivers/BSP/Components/vl53l4cx/modules/vl53lx_core.o
                0x080098d4                VL53LX_hist_combine_mm1_mm2_offsets
 .text.VL53LX_spad_number_to_byte_bit_index
                0x080099f2       0x42 ./Drivers/BSP/Components/vl53l4cx/modules/vl53lx_core.o
                0x080099f2                VL53LX_spad_number_to_byte_bit_index
 .text.VL53LX_encode_row_col
                0x08009a34       0x4e ./Drivers/BSP/Components/vl53l4cx/modules/vl53lx_core.o
                0x08009a34                VL53LX_encode_row_col
 .text.VL53LX_decode_zone_size
                0x08009a82       0x30 ./Drivers/BSP/Components/vl53l4cx/modules/vl53lx_core.o
                0x08009a82                VL53LX_decode_zone_size
 .text.VL53LX_encode_zone_size
                0x08009ab2       0x2c ./Drivers/BSP/Components/vl53l4cx/modules/vl53lx_core.o
                0x08009ab2                VL53LX_encode_zone_size
 .text.VL53LX_decode_zone_limits
                0x08009ade       0xea ./Drivers/BSP/Components/vl53l4cx/modules/vl53lx_core.o
                0x08009ade                VL53LX_decode_zone_limits
 .text.VL53LX_is_aperture_location
                0x08009bc8       0x52 ./Drivers/BSP/Components/vl53l4cx/modules/vl53lx_core.o
                0x08009bc8                VL53LX_is_aperture_location
 .text.VL53LX_calc_max_effective_spads
                0x08009c1a      0x11c ./Drivers/BSP/Components/vl53l4cx/modules/vl53lx_core.o
                0x08009c1a                VL53LX_calc_max_effective_spads
 .text.VL53LX_calc_mm_effective_spads
                0x08009d36      0x19e ./Drivers/BSP/Components/vl53l4cx/modules/vl53lx_core.o
                0x08009d36                VL53LX_calc_mm_effective_spads
 .text.VL53LX_hist_copy_results_to_sys_and_core
                0x08009ed4      0x136 ./Drivers/BSP/Components/vl53l4cx/modules/vl53lx_core.o
                0x08009ed4                VL53LX_hist_copy_results_to_sys_and_core
 .text.VL53LX_save_cfg_data
                0x0800a00a       0x72 ./Drivers/BSP/Components/vl53l4cx/modules/vl53lx_core.o
                0x0800a00a                VL53LX_save_cfg_data
 .text.VL53LX_dynamic_zone_update
                0x0800a07c       0xf4 ./Drivers/BSP/Components/vl53l4cx/modules/vl53lx_core.o
                0x0800a07c                VL53LX_dynamic_zone_update
 .text.VL53LX_multizone_hist_bins_update
                0x0800a170      0x154 ./Drivers/BSP/Components/vl53l4cx/modules/vl53lx_core.o
                0x0800a170                VL53LX_multizone_hist_bins_update
 .text.VL53LX_update_internal_stream_counters
                0x0800a2c4       0x7e ./Drivers/BSP/Components/vl53l4cx/modules/vl53lx_core.o
                0x0800a2c4                VL53LX_update_internal_stream_counters
 .text.VL53LX_set_ref_spad_char_config
                0x0800a342      0x146 ./Drivers/BSP/Components/vl53l4cx/modules/vl53lx_core.o
                0x0800a342                VL53LX_set_ref_spad_char_config
 .text.VL53LX_dynamic_xtalk_correction_calc_required_samples
                0x0800a488      0x2ca ./Drivers/BSP/Components/vl53l4cx/modules/vl53lx_core.o
                0x0800a488                VL53LX_dynamic_xtalk_correction_calc_required_samples
 *fill*         0x0800a752        0x2 
 .text.VL53LX_dynamic_xtalk_correction_calc_new_xtalk
                0x0800a754      0x368 ./Drivers/BSP/Components/vl53l4cx/modules/vl53lx_core.o
                0x0800a754                VL53LX_dynamic_xtalk_correction_calc_new_xtalk
 .text.VL53LX_dynamic_xtalk_correction_corrector
                0x0800aabc      0x564 ./Drivers/BSP/Components/vl53l4cx/modules/vl53lx_core.o
                0x0800aabc                VL53LX_dynamic_xtalk_correction_corrector
 .text.VL53LX_dynamic_xtalk_correction_data_init
                0x0800b020      0x18c ./Drivers/BSP/Components/vl53l4cx/modules/vl53lx_core.o
                0x0800b020                VL53LX_dynamic_xtalk_correction_data_init
 .text.VL53LX_dynamic_xtalk_correction_output_init
                0x0800b1ac       0x60 ./Drivers/BSP/Components/vl53l4cx/modules/vl53lx_core.o
                0x0800b1ac                VL53LX_dynamic_xtalk_correction_output_init
 .text.VL53LX_xtalk_cal_data_init
                0x0800b20c       0x56 ./Drivers/BSP/Components/vl53l4cx/modules/vl53lx_core.o
                0x0800b20c                VL53LX_xtalk_cal_data_init
 .text.VL53LX_low_power_auto_data_init
                0x0800b262       0x90 ./Drivers/BSP/Components/vl53l4cx/modules/vl53lx_core.o
                0x0800b262                VL53LX_low_power_auto_data_init
 .text.VL53LX_low_power_auto_setup_manual_calibration
                0x0800b2f2       0xa4 ./Drivers/BSP/Components/vl53l4cx/modules/vl53lx_core.o
                0x0800b2f2                VL53LX_low_power_auto_setup_manual_calibration
 .text.VL53LX_low_power_auto_update_DSS
                0x0800b396      0x112 ./Drivers/BSP/Components/vl53l4cx/modules/vl53lx_core.o
                0x0800b396                VL53LX_low_power_auto_update_DSS
 .text.VL53LX_compute_histo_merge_nb
                0x0800b4a8       0x80 ./Drivers/BSP/Components/vl53l4cx/modules/vl53lx_core.o
                0x0800b4a8                VL53LX_compute_histo_merge_nb
 .text.VL53LX_calc_pll_period_us
                0x0800b528       0x2e ./Drivers/BSP/Components/vl53l4cx/modules/vl53lx_core_support.o
                0x0800b528                VL53LX_calc_pll_period_us
 .text.VL53LX_duration_maths
                0x0800b556       0xb2 ./Drivers/BSP/Components/vl53l4cx/modules/vl53lx_core_support.o
                0x0800b556                VL53LX_duration_maths
 .text.VL53LX_events_per_spad_maths
                0x0800b608      0x132 ./Drivers/BSP/Components/vl53l4cx/modules/vl53lx_core_support.o
                0x0800b608                VL53LX_events_per_spad_maths
 .text.VL53LX_isqrt
                0x0800b73a       0x68 ./Drivers/BSP/Components/vl53l4cx/modules/vl53lx_core_support.o
                0x0800b73a                VL53LX_isqrt
 .text.VL53LX_hist_calc_zero_distance_phase
                0x0800b7a2       0x80 ./Drivers/BSP/Components/vl53l4cx/modules/vl53lx_core_support.o
                0x0800b7a2                VL53LX_hist_calc_zero_distance_phase
 .text.VL53LX_hist_estimate_ambient_from_thresholded_bins
                0x0800b822       0xf4 ./Drivers/BSP/Components/vl53l4cx/modules/vl53lx_core_support.o
                0x0800b822                VL53LX_hist_estimate_ambient_from_thresholded_bins
 .text.VL53LX_hist_remove_ambient_bins
                0x0800b916       0xf2 ./Drivers/BSP/Components/vl53l4cx/modules/vl53lx_core_support.o
                0x0800b916                VL53LX_hist_remove_ambient_bins
 .text.VL53LX_calc_pll_period_mm
                0x0800ba08       0x3e ./Drivers/BSP/Components/vl53l4cx/modules/vl53lx_core_support.o
                0x0800ba08                VL53LX_calc_pll_period_mm
 .text.VL53LX_rate_maths
                0x0800ba46       0x8a ./Drivers/BSP/Components/vl53l4cx/modules/vl53lx_core_support.o
                0x0800ba46                VL53LX_rate_maths
 .text.VL53LX_rate_per_spad_maths
                0x0800bad0       0x68 ./Drivers/BSP/Components/vl53l4cx/modules/vl53lx_core_support.o
                0x0800bad0                VL53LX_rate_per_spad_maths
 .text.VL53LX_range_maths
                0x0800bb38      0x1d0 ./Drivers/BSP/Components/vl53l4cx/modules/vl53lx_core_support.o
                0x0800bb38                VL53LX_range_maths
 .text.VL53LX_decode_vcsel_period
                0x0800bd08       0x26 ./Drivers/BSP/Components/vl53l4cx/modules/vl53lx_core_support.o
                0x0800bd08                VL53LX_decode_vcsel_period
 .text.VL53LX_copy_xtalk_bin_data_to_histogram_data_struct
                0x0800bd2e       0x7c ./Drivers/BSP/Components/vl53l4cx/modules/vl53lx_core_support.o
                0x0800bd2e                VL53LX_copy_xtalk_bin_data_to_histogram_data_struct
 .text.VL53LX_init_histogram_bin_data_struct
                0x0800bdaa      0x152 ./Drivers/BSP/Components/vl53l4cx/modules/vl53lx_core_support.o
                0x0800bdaa                VL53LX_init_histogram_bin_data_struct
 .text.VL53LX_decode_row_col
                0x0800befc       0x5e ./Drivers/BSP/Components/vl53l4cx/modules/vl53lx_core_support.o
                0x0800befc                VL53LX_decode_row_col
 .text.VL53LX_hist_find_min_max_bin_values
                0x0800bf5a       0x84 ./Drivers/BSP/Components/vl53l4cx/modules/vl53lx_core_support.o
                0x0800bf5a                VL53LX_hist_find_min_max_bin_values
 .text.VL53LX_hist_estimate_ambient_from_ambient_bins
                0x0800bfde       0x96 ./Drivers/BSP/Components/vl53l4cx/modules/vl53lx_core_support.o
                0x0800bfde                VL53LX_hist_estimate_ambient_from_ambient_bins
 .text.VL53LX_f_001
                0x0800c074      0x84a ./Drivers/BSP/Components/vl53l4cx/modules/vl53lx_dmax.o
                0x0800c074                VL53LX_f_001
 .text.VL53LX_f_002
                0x0800c8be       0x72 ./Drivers/BSP/Components/vl53l4cx/modules/vl53lx_dmax.o
                0x0800c8be                VL53LX_f_002
 .text.VL53LX_f_003
                0x0800c930       0xf2 ./Drivers/BSP/Components/vl53l4cx/modules/vl53lx_hist_algos_gen3.o
                0x0800c930                VL53LX_f_003
 .text.VL53LX_f_006
                0x0800ca22      0x260 ./Drivers/BSP/Components/vl53l4cx/modules/vl53lx_hist_algos_gen3.o
                0x0800ca22                VL53LX_f_006
 .text.VL53LX_f_007
                0x0800cc82       0x9c ./Drivers/BSP/Components/vl53l4cx/modules/vl53lx_hist_algos_gen3.o
                0x0800cc82                VL53LX_f_007
 .text.VL53LX_f_008
                0x0800cd1e       0xfc ./Drivers/BSP/Components/vl53l4cx/modules/vl53lx_hist_algos_gen3.o
                0x0800cd1e                VL53LX_f_008
 .text.VL53LX_f_009
                0x0800ce1a      0x1a4 ./Drivers/BSP/Components/vl53l4cx/modules/vl53lx_hist_algos_gen3.o
                0x0800ce1a                VL53LX_f_009
 .text.VL53LX_f_016
                0x0800cfbe      0x108 ./Drivers/BSP/Components/vl53l4cx/modules/vl53lx_hist_algos_gen3.o
                0x0800cfbe                VL53LX_f_016
 .text.VL53LX_f_010
                0x0800d0c6       0xa6 ./Drivers/BSP/Components/vl53l4cx/modules/vl53lx_hist_algos_gen3.o
                0x0800d0c6                VL53LX_f_010
 .text.VL53LX_f_015
                0x0800d16c      0x16e ./Drivers/BSP/Components/vl53l4cx/modules/vl53lx_hist_algos_gen3.o
                0x0800d16c                VL53LX_f_015
 .text.VL53LX_f_020
                0x0800d2da      0x22c ./Drivers/BSP/Components/vl53l4cx/modules/vl53lx_hist_algos_gen3.o
                0x0800d2da                VL53LX_f_020
 .text.VL53LX_f_011
                0x0800d506       0xa8 ./Drivers/BSP/Components/vl53l4cx/modules/vl53lx_hist_algos_gen3.o
                0x0800d506                VL53LX_f_011
 .text.VL53LX_f_014
                0x0800d5ae      0x150 ./Drivers/BSP/Components/vl53l4cx/modules/vl53lx_hist_algos_gen3.o
                0x0800d5ae                VL53LX_f_014
 .text.VL53LX_f_017
                0x0800d6fe      0x154 ./Drivers/BSP/Components/vl53l4cx/modules/vl53lx_hist_algos_gen3.o
                0x0800d6fe                VL53LX_f_017
 .text.VL53LX_f_025
                0x0800d852      0x41e ./Drivers/BSP/Components/vl53l4cx/modules/vl53lx_hist_algos_gen4.o
                0x0800d852                VL53LX_f_025
 .text.VL53LX_f_026
                0x0800dc70      0x118 ./Drivers/BSP/Components/vl53l4cx/modules/vl53lx_hist_algos_gen4.o
                0x0800dc70                VL53LX_f_026
 .text.VL53LX_f_027
                0x0800dd88      0x1d0 ./Drivers/BSP/Components/vl53l4cx/modules/vl53lx_hist_algos_gen4.o
                0x0800dd88                VL53LX_f_027
 .text.VL53LX_f_028
                0x0800df58      0x29a ./Drivers/BSP/Components/vl53l4cx/modules/vl53lx_hist_algos_gen4.o
                0x0800df58                VL53LX_f_028
 .text.VL53LX_f_022
                0x0800e1f2       0xb2 ./Drivers/BSP/Components/vl53l4cx/modules/vl53lx_hist_core.o
                0x0800e1f2                VL53LX_f_022
 .text.VL53LX_f_018
                0x0800e2a4      0x14a ./Drivers/BSP/Components/vl53l4cx/modules/vl53lx_hist_core.o
                0x0800e2a4                VL53LX_f_018
 .text.VL53LX_f_019
                0x0800e3ee       0x94 ./Drivers/BSP/Components/vl53l4cx/modules/vl53lx_hist_core.o
                0x0800e3ee                VL53LX_f_019
 .text.VL53LX_f_005
                0x0800e482      0x140 ./Drivers/BSP/Components/vl53l4cx/modules/vl53lx_hist_core.o
                0x0800e482                VL53LX_f_005
 .text.VL53LX_f_030
                0x0800e5c2       0x8e ./Drivers/BSP/Components/vl53l4cx/modules/vl53lx_hist_core.o
                0x0800e5c2                VL53LX_f_030
 .text.VL53LX_f_031
                0x0800e650      0x2ea ./Drivers/BSP/Components/vl53l4cx/modules/vl53lx_hist_core.o
                0x0800e650                VL53LX_f_031
 .text.VL53LX_hist_process_data
                0x0800e93a      0x426 ./Drivers/BSP/Components/vl53l4cx/modules/vl53lx_hist_funcs.o
                0x0800e93a                VL53LX_hist_process_data
 .text.VL53LX_nvm_enable
                0x0800ed60       0xcc ./Drivers/BSP/Components/vl53l4cx/modules/vl53lx_nvm.o
                0x0800ed60                VL53LX_nvm_enable
 .text.VL53LX_nvm_read
                0x0800ee2c       0xbc ./Drivers/BSP/Components/vl53l4cx/modules/vl53lx_nvm.o
                0x0800ee2c                VL53LX_nvm_read
 .text.VL53LX_nvm_disable
                0x0800eee8       0x6c ./Drivers/BSP/Components/vl53l4cx/modules/vl53lx_nvm.o
                0x0800eee8                VL53LX_nvm_disable
 .text.VL53LX_nvm_decode_optical_centre
                0x0800ef54       0x5e ./Drivers/BSP/Components/vl53l4cx/modules/vl53lx_nvm.o
                0x0800ef54                VL53LX_nvm_decode_optical_centre
 .text.VL53LX_nvm_decode_cal_peak_rate_map
                0x0800efb2       0xac ./Drivers/BSP/Components/vl53l4cx/modules/vl53lx_nvm.o
                0x0800efb2                VL53LX_nvm_decode_cal_peak_rate_map
 .text.VL53LX_nvm_decode_additional_offset_cal_data
                0x0800f05e       0x76 ./Drivers/BSP/Components/vl53l4cx/modules/vl53lx_nvm.o
                0x0800f05e                VL53LX_nvm_decode_additional_offset_cal_data
 .text.VL53LX_nvm_decode_fmt_range_results_data
                0x0800f0d4       0xc2 ./Drivers/BSP/Components/vl53l4cx/modules/vl53lx_nvm.o
                0x0800f0d4                VL53LX_nvm_decode_fmt_range_results_data
 .text.VL53LX_read_nvm_raw_data
                0x0800f196       0x62 ./Drivers/BSP/Components/vl53l4cx/modules/vl53lx_nvm.o
                0x0800f196                VL53LX_read_nvm_raw_data
 .text.VL53LX_read_nvm_optical_centre
                0x0800f1f8       0x46 ./Drivers/BSP/Components/vl53l4cx/modules/vl53lx_nvm.o
                0x0800f1f8                VL53LX_read_nvm_optical_centre
 .text.VL53LX_read_nvm_cal_peak_rate_map
                0x0800f23e       0x4c ./Drivers/BSP/Components/vl53l4cx/modules/vl53lx_nvm.o
                0x0800f23e                VL53LX_read_nvm_cal_peak_rate_map
 .text.VL53LX_read_nvm_additional_offset_cal_data
                0x0800f28a       0x46 ./Drivers/BSP/Components/vl53l4cx/modules/vl53lx_nvm.o
                0x0800f28a                VL53LX_read_nvm_additional_offset_cal_data
 .text.VL53LX_read_nvm_fmt_range_results_data
                0x0800f2d0       0x56 ./Drivers/BSP/Components/vl53l4cx/modules/vl53lx_nvm.o
                0x0800f2d0                VL53LX_read_nvm_fmt_range_results_data
 .text.VL53LX_i2c_encode_static_nvm_managed
                0x0800f326       0xb6 ./Drivers/BSP/Components/vl53l4cx/modules/vl53lx_register_funcs.o
                0x0800f326                VL53LX_i2c_encode_static_nvm_managed
 .text.VL53LX_i2c_decode_static_nvm_managed
                0x0800f3dc       0xb4 ./Drivers/BSP/Components/vl53l4cx/modules/vl53lx_register_funcs.o
                0x0800f3dc                VL53LX_i2c_decode_static_nvm_managed
 .text.VL53LX_get_static_nvm_managed
                0x0800f490       0x4e ./Drivers/BSP/Components/vl53l4cx/modules/vl53lx_register_funcs.o
                0x0800f490                VL53LX_get_static_nvm_managed
 .text.VL53LX_i2c_encode_customer_nvm_managed
                0x0800f4de      0x114 ./Drivers/BSP/Components/vl53l4cx/modules/vl53lx_register_funcs.o
                0x0800f4de                VL53LX_i2c_encode_customer_nvm_managed
 .text.VL53LX_i2c_decode_customer_nvm_managed
                0x0800f5f2      0x11a ./Drivers/BSP/Components/vl53l4cx/modules/vl53lx_register_funcs.o
                0x0800f5f2                VL53LX_i2c_decode_customer_nvm_managed
 .text.VL53LX_get_customer_nvm_managed
                0x0800f70c       0x96 ./Drivers/BSP/Components/vl53l4cx/modules/vl53lx_register_funcs.o
                0x0800f70c                VL53LX_get_customer_nvm_managed
 .text.VL53LX_i2c_encode_static_config
                0x0800f7a2      0x1c6 ./Drivers/BSP/Components/vl53l4cx/modules/vl53lx_register_funcs.o
                0x0800f7a2                VL53LX_i2c_encode_static_config
 .text.VL53LX_i2c_encode_general_config
                0x0800f968      0x108 ./Drivers/BSP/Components/vl53l4cx/modules/vl53lx_register_funcs.o
                0x0800f968                VL53LX_i2c_encode_general_config
 .text.VL53LX_i2c_encode_timing_config
                0x0800fa70      0x104 ./Drivers/BSP/Components/vl53l4cx/modules/vl53lx_register_funcs.o
                0x0800fa70                VL53LX_i2c_encode_timing_config
 .text.VL53LX_i2c_encode_dynamic_config
                0x0800fb74      0x10a ./Drivers/BSP/Components/vl53l4cx/modules/vl53lx_register_funcs.o
                0x0800fb74                VL53LX_i2c_encode_dynamic_config
 .text.VL53LX_i2c_encode_system_control
                0x0800fc7e       0x76 ./Drivers/BSP/Components/vl53l4cx/modules/vl53lx_register_funcs.o
                0x0800fc7e                VL53LX_i2c_encode_system_control
 .text.VL53LX_i2c_decode_system_results
                0x0800fcf4      0x1ec ./Drivers/BSP/Components/vl53l4cx/modules/vl53lx_register_funcs.o
                0x0800fcf4                VL53LX_i2c_decode_system_results
 .text.VL53LX_i2c_decode_core_results
                0x0800fee0       0xc2 ./Drivers/BSP/Components/vl53l4cx/modules/vl53lx_register_funcs.o
                0x0800fee0                VL53LX_i2c_decode_core_results
 .text.VL53LX_i2c_decode_debug_results
                0x0800ffa2      0x2e4 ./Drivers/BSP/Components/vl53l4cx/modules/vl53lx_register_funcs.o
                0x0800ffa2                VL53LX_i2c_decode_debug_results
 .text.VL53LX_i2c_decode_nvm_copy_data
                0x08010286      0x24c ./Drivers/BSP/Components/vl53l4cx/modules/vl53lx_register_funcs.o
                0x08010286                VL53LX_i2c_decode_nvm_copy_data
 .text.VL53LX_get_nvm_copy_data
                0x080104d2       0x56 ./Drivers/BSP/Components/vl53l4cx/modules/vl53lx_register_funcs.o
                0x080104d2                VL53LX_get_nvm_copy_data
 .text.VL53LX_f_023
                0x08010528      0x6c6 ./Drivers/BSP/Components/vl53l4cx/modules/vl53lx_sigma_estimate.o
                0x08010528                VL53LX_f_023
 .text.VL53LX_wait_for_test_completion
                0x08010bee       0x72 ./Drivers/BSP/Components/vl53l4cx/modules/vl53lx_wait.o
                0x08010bee                VL53LX_wait_for_test_completion
 .text.VL53LX_is_new_data_ready
                0x08010c60       0x74 ./Drivers/BSP/Components/vl53l4cx/modules/vl53lx_wait.o
                0x08010c60                VL53LX_is_new_data_ready
 .text.VL53LX_poll_for_boot_completion
                0x08010cd4       0x58 ./Drivers/BSP/Components/vl53l4cx/modules/vl53lx_wait.o
                0x08010cd4                VL53LX_poll_for_boot_completion
 .text.VL53LX_poll_for_range_completion
                0x08010d2c       0x5c ./Drivers/BSP/Components/vl53l4cx/modules/vl53lx_wait.o
                0x08010d2c                VL53LX_poll_for_range_completion
 .text.VL53LX_f_032
                0x08010d88      0x4c4 ./Drivers/BSP/Components/vl53l4cx/modules/vl53lx_xtalk.o
                0x08010d88                VL53LX_f_032
 .text.VL53LX_f_033
                0x0801124c      0x1d6 ./Drivers/BSP/Components/vl53l4cx/modules/vl53lx_xtalk.o
                0x0801124c                VL53LX_f_033
 .text._I2CWrite
                0x08011422       0x26 ./Drivers/BSP/Components/vl53l4cx/porting/vl53lx_platform.o
                0x08011422                _I2CWrite
 .text._I2CRead
                0x08011448       0x26 ./Drivers/BSP/Components/vl53l4cx/porting/vl53lx_platform.o
                0x08011448                _I2CRead
 *fill*         0x0801146e        0x2 
 .text.VL53LX_WriteMulti
                0x08011470       0x6c ./Drivers/BSP/Components/vl53l4cx/porting/vl53lx_platform.o
                0x08011470                VL53LX_WriteMulti
 .text.VL53LX_ReadMulti
                0x080114dc       0x6c ./Drivers/BSP/Components/vl53l4cx/porting/vl53lx_platform.o
                0x080114dc                VL53LX_ReadMulti
 .text.VL53LX_WrByte
                0x08011548       0x54 ./Drivers/BSP/Components/vl53l4cx/porting/vl53lx_platform.o
                0x08011548                VL53LX_WrByte
 .text.VL53LX_WrWord
                0x0801159c       0x64 ./Drivers/BSP/Components/vl53l4cx/porting/vl53lx_platform.o
                0x0801159c                VL53LX_WrWord
 .text.VL53LX_RdByte
                0x08011600       0x68 ./Drivers/BSP/Components/vl53l4cx/porting/vl53lx_platform.o
                0x08011600                VL53LX_RdByte
 .text.VL53LX_RdWord
                0x08011668       0x7c ./Drivers/BSP/Components/vl53l4cx/porting/vl53lx_platform.o
                0x08011668                VL53LX_RdWord
 .text.VL53LX_GetTickCount
                0x080116e4       0x28 ./Drivers/BSP/Components/vl53l4cx/porting/vl53lx_platform.o
                0x080116e4                VL53LX_GetTickCount
 .text.VL53LX_WaitMs
                0x0801170c       0x1e ./Drivers/BSP/Components/vl53l4cx/porting/vl53lx_platform.o
                0x0801170c                VL53LX_WaitMs
 *fill*         0x0801172a        0x2 
 .text.VL53LX_WaitUs
                0x0801172c       0x30 ./Drivers/BSP/Components/vl53l4cx/porting/vl53lx_platform.o
                0x0801172c                VL53LX_WaitUs
 .text.VL53LX_WaitValueMaskEx
                0x0801175c      0x168 ./Drivers/BSP/Components/vl53l4cx/porting/vl53lx_platform.o
                0x0801175c                VL53LX_WaitValueMaskEx
 .text.VL53LX_Delay
                0x080118c4       0x34 ./Drivers/BSP/Components/vl53l4cx/porting/vl53lx_platform.o
 .text.VL53LX_ipp_hist_process_data
                0x080118f8       0x42 ./Drivers/BSP/Components/vl53l4cx/porting/vl53lx_platform_ipp.o
                0x080118f8                VL53LX_ipp_hist_process_data
 .text.VL53L4CX_RegisterBusIO
                0x0801193a       0x6a ./Drivers/BSP/Components/vl53l4cx/vl53l4cx.o
                0x0801193a                VL53L4CX_RegisterBusIO
 .text.VL53L4CX_Init
                0x080119a4       0xb0 ./Drivers/BSP/Components/vl53l4cx/vl53l4cx.o
                0x080119a4                VL53L4CX_Init
 .text.VL53L4CX_ConfigProfile
                0x08011a54       0xba ./Drivers/BSP/Components/vl53l4cx/vl53l4cx.o
                0x08011a54                VL53L4CX_ConfigProfile
 .text.VL53L4CX_ConfigROI
                0x08011b0e       0x5e ./Drivers/BSP/Components/vl53l4cx/vl53l4cx.o
                0x08011b0e                VL53L4CX_ConfigROI
 .text.VL53L4CX_GetDistance
                0x08011b6c       0xa6 ./Drivers/BSP/Components/vl53l4cx/vl53l4cx.o
                0x08011b6c                VL53L4CX_GetDistance
 *fill*         0x08011c12        0x2 
 .text.VL53L4CX_Start
                0x08011c14      0x100 ./Drivers/BSP/Components/vl53l4cx/vl53l4cx.o
                0x08011c14                VL53L4CX_Start
 .text.vl53l4cx_poll_for_measurement
                0x08011d14       0x5a ./Drivers/BSP/Components/vl53l4cx/vl53l4cx.o
 *fill*         0x08011d6e        0x2 
 .text.vl53l4cx_get_result
                0x08011d70      0x23c ./Drivers/BSP/Components/vl53l4cx/vl53l4cx.o
 .text.HAL_Init
                0x08011fac       0x44 ./Drivers/STM32F4xx_HAL_Driver/Src/stm32f4xx_hal.o
                0x08011fac                HAL_Init
 .text.HAL_InitTick
                0x08011ff0       0x60 ./Drivers/STM32F4xx_HAL_Driver/Src/stm32f4xx_hal.o
                0x08011ff0                HAL_InitTick
 .text.HAL_IncTick
                0x08012050       0x28 ./Drivers/STM32F4xx_HAL_Driver/Src/stm32f4xx_hal.o
                0x08012050                HAL_IncTick
 .text.HAL_GetTick
                0x08012078       0x18 ./Drivers/STM32F4xx_HAL_Driver/Src/stm32f4xx_hal.o
                0x08012078                HAL_GetTick
 .text.__NVIC_SetPriorityGrouping
                0x08012090       0x48 ./Drivers/STM32F4xx_HAL_Driver/Src/stm32f4xx_hal_cortex.o
 .text.__NVIC_GetPriorityGrouping
                0x080120d8       0x1c ./Drivers/STM32F4xx_HAL_Driver/Src/stm32f4xx_hal_cortex.o
 .text.__NVIC_SetPriority
                0x080120f4       0x54 ./Drivers/STM32F4xx_HAL_Driver/Src/stm32f4xx_hal_cortex.o
 .text.NVIC_EncodePriority
                0x08012148       0x66 ./Drivers/STM32F4xx_HAL_Driver/Src/stm32f4xx_hal_cortex.o
 *fill*         0x080121ae        0x2 
 .text.SysTick_Config
                0x080121b0       0x44 ./Drivers/STM32F4xx_HAL_Driver/Src/stm32f4xx_hal_cortex.o
 .text.HAL_NVIC_SetPriorityGrouping
                0x080121f4       0x16 ./Drivers/STM32F4xx_HAL_Driver/Src/stm32f4xx_hal_cortex.o
                0x080121f4                HAL_NVIC_SetPriorityGrouping
 .text.HAL_NVIC_SetPriority
                0x0801220a       0x38 ./Drivers/STM32F4xx_HAL_Driver/Src/stm32f4xx_hal_cortex.o
                0x0801220a                HAL_NVIC_SetPriority
 .text.HAL_SYSTICK_Config
                0x08012242       0x18 ./Drivers/STM32F4xx_HAL_Driver/Src/stm32f4xx_hal_cortex.o
                0x08012242                HAL_SYSTICK_Config
 *fill*         0x0801225a        0x2 
 .text.HAL_GPIO_Init
                0x0801225c      0x328 ./Drivers/STM32F4xx_HAL_Driver/Src/stm32f4xx_hal_gpio.o
                0x0801225c                HAL_GPIO_Init
 .text.HAL_GPIO_DeInit
                0x08012584      0x1e8 ./Drivers/STM32F4xx_HAL_Driver/Src/stm32f4xx_hal_gpio.o
                0x08012584                HAL_GPIO_DeInit
 .text.HAL_GPIO_WritePin
                0x0801276c       0x32 ./Drivers/STM32F4xx_HAL_Driver/Src/stm32f4xx_hal_gpio.o
                0x0801276c                HAL_GPIO_WritePin
 *fill*         0x0801279e        0x2 
 .text.HAL_I2C_Init
                0x080127a0      0x288 ./Drivers/STM32F4xx_HAL_Driver/Src/stm32f4xx_hal_i2c.o
                0x080127a0                HAL_I2C_Init
 .text.HAL_I2C_DeInit
                0x08012a28       0x5e ./Drivers/STM32F4xx_HAL_Driver/Src/stm32f4xx_hal_i2c.o
                0x08012a28                HAL_I2C_DeInit
 .text.HAL_I2C_MspInit
                0x08012a86       0x14 ./Drivers/STM32F4xx_HAL_Driver/Src/stm32f4xx_hal_i2c.o
                0x08012a86                HAL_I2C_MspInit
 .text.HAL_I2C_MspDeInit
                0x08012a9a       0x14 ./Drivers/STM32F4xx_HAL_Driver/Src/stm32f4xx_hal_i2c.o
                0x08012a9a                HAL_I2C_MspDeInit
 *fill*         0x08012aae        0x2 
 .text.HAL_I2C_Master_Transmit
                0x08012ab0      0x1fc ./Drivers/STM32F4xx_HAL_Driver/Src/stm32f4xx_hal_i2c.o
                0x08012ab0                HAL_I2C_Master_Transmit
 .text.HAL_I2C_Master_Receive
                0x08012cac      0x464 ./Drivers/STM32F4xx_HAL_Driver/Src/stm32f4xx_hal_i2c.o
                0x08012cac                HAL_I2C_Master_Receive
 .text.HAL_I2C_GetState
                0x08013110       0x1c ./Drivers/STM32F4xx_HAL_Driver/Src/stm32f4xx_hal_i2c.o
                0x08013110                HAL_I2C_GetState
 .text.HAL_I2C_GetError
                0x0801312c       0x18 ./Drivers/STM32F4xx_HAL_Driver/Src/stm32f4xx_hal_i2c.o
                0x0801312c                HAL_I2C_GetError
 .text.I2C_MasterRequestWrite
                0x08013144      0x104 ./Drivers/STM32F4xx_HAL_Driver/Src/stm32f4xx_hal_i2c.o
 .text.I2C_MasterRequestRead
                0x08013248      0x19c ./Drivers/STM32F4xx_HAL_Driver/Src/stm32f4xx_hal_i2c.o
 .text.I2C_WaitOnFlagUntilTimeout
                0x080133e4       0xf4 ./Drivers/STM32F4xx_HAL_Driver/Src/stm32f4xx_hal_i2c.o
 .text.I2C_WaitOnMasterAddressFlagUntilTimeout
                0x080134d8      0x140 ./Drivers/STM32F4xx_HAL_Driver/Src/stm32f4xx_hal_i2c.o
 .text.I2C_WaitOnTXEFlagUntilTimeout
                0x08013618       0x90 ./Drivers/STM32F4xx_HAL_Driver/Src/stm32f4xx_hal_i2c.o
 .text.I2C_WaitOnBTFFlagUntilTimeout
                0x080136a8       0x90 ./Drivers/STM32F4xx_HAL_Driver/Src/stm32f4xx_hal_i2c.o
 .text.I2C_WaitOnRXNEFlagUntilTimeout
                0x08013738       0xba ./Drivers/STM32F4xx_HAL_Driver/Src/stm32f4xx_hal_i2c.o
 .text.I2C_IsAcknowledgeFailed
                0x080137f2       0x5e ./Drivers/STM32F4xx_HAL_Driver/Src/stm32f4xx_hal_i2c.o
 .text.HAL_RCC_ClockConfig
                0x08013850      0x1cc ./Drivers/STM32F4xx_HAL_Driver/Src/stm32f4xx_hal_rcc.o
                0x08013850                HAL_RCC_ClockConfig
 .text.HAL_RCC_GetHCLKFreq
                0x08013a1c       0x18 ./Drivers/STM32F4xx_HAL_Driver/Src/stm32f4xx_hal_rcc.o
                0x08013a1c                HAL_RCC_GetHCLKFreq
 .text.HAL_RCC_GetPCLK1Freq
                0x08013a34       0x28 ./Drivers/STM32F4xx_HAL_Driver/Src/stm32f4xx_hal_rcc.o
                0x08013a34                HAL_RCC_GetPCLK1Freq
 .text.HAL_RCC_GetPCLK2Freq
                0x08013a5c       0x28 ./Drivers/STM32F4xx_HAL_Driver/Src/stm32f4xx_hal_rcc.o
                0x08013a5c                HAL_RCC_GetPCLK2Freq
 .text.HAL_RCC_GetSysClockFreq
                0x08013a84      0x460 ./Drivers/STM32F4xx_HAL_Driver/Src/stm32f4xx_hal_rcc_ex.o
                0x08013a84                HAL_RCC_GetSysClockFreq
 .text.HAL_RCC_OscConfig
                0x08013ee4      0x53c ./Drivers/STM32F4xx_HAL_Driver/Src/stm32f4xx_hal_rcc_ex.o
                0x08013ee4                HAL_RCC_OscConfig
 .text.HAL_UART_Init
                0x08014420       0xa0 ./Drivers/STM32F4xx_HAL_Driver/Src/stm32f4xx_hal_uart.o
                0x08014420                HAL_UART_Init
 .text.HAL_UART_Transmit
                0x080144c0      0x116 ./Drivers/STM32F4xx_HAL_Driver/Src/stm32f4xx_hal_uart.o
                0x080144c0                HAL_UART_Transmit
 .text.UART_WaitOnFlagUntilTimeout
                0x080145d6       0xb2 ./Drivers/STM32F4xx_HAL_Driver/Src/stm32f4xx_hal_uart.o
 .text.UART_EndRxTransfer
                0x08014688       0xc6 ./Drivers/STM32F4xx_HAL_Driver/Src/stm32f4xx_hal_uart.o
 *fill*         0x0801474e        0x2 
 .text.UART_SetConfig
                0x08014750      0x4e8 ./Drivers/STM32F4xx_HAL_Driver/Src/stm32f4xx_hal_uart.o
 .text.__cvt    0x08014c38       0xca D:/ST/STM32CubeIDE_1.18.1/STM32CubeIDE/plugins/com.st.stm32cube.ide.mcu.externaltools.gnu-tools-for-stm32.13.3.rel1.win32_1.0.0.202411081344/tools/bin/../lib/gcc/arm-none-eabi/13.3.1/../../../../arm-none-eabi/lib/thumb/v7e-m+fp/hard\libc_nano.a(libc_a-nano-vfprintf_float.o)
                0x08014c38                __cvt
 .text.__exponent
                0x08014d02       0x74 D:/ST/STM32CubeIDE_1.18.1/STM32CubeIDE/plugins/com.st.stm32cube.ide.mcu.externaltools.gnu-tools-for-stm32.13.3.rel1.win32_1.0.0.202411081344/tools/bin/../lib/gcc/arm-none-eabi/13.3.1/../../../../arm-none-eabi/lib/thumb/v7e-m+fp/hard\libc_nano.a(libc_a-nano-vfprintf_float.o)
                0x08014d02                __exponent
 *fill*         0x08014d76        0x2 
 .text._printf_float
                0x08014d78      0x454 D:/ST/STM32CubeIDE_1.18.1/STM32CubeIDE/plugins/com.st.stm32cube.ide.mcu.externaltools.gnu-tools-for-stm32.13.3.rel1.win32_1.0.0.202411081344/tools/bin/../lib/gcc/arm-none-eabi/13.3.1/../../../../arm-none-eabi/lib/thumb/v7e-m+fp/hard\libc_nano.a(libc_a-nano-vfprintf_float.o)
                0x08014d78                _printf_float
 .text._printf_common
                0x080151cc       0xda D:/ST/STM32CubeIDE_1.18.1/STM32CubeIDE/plugins/com.st.stm32cube.ide.mcu.externaltools.gnu-tools-for-stm32.13.3.rel1.win32_1.0.0.202411081344/tools/bin/../lib/gcc/arm-none-eabi/13.3.1/../../../../arm-none-eabi/lib/thumb/v7e-m+fp/hard\libc_nano.a(libc_a-nano-vfprintf_i.o)
                0x080151cc                _printf_common
 *fill*         0x080152a6        0x2 
 .text._printf_i
                0x080152a8      0x23c D:/ST/STM32CubeIDE_1.18.1/STM32CubeIDE/plugins/com.st.stm32cube.ide.mcu.externaltools.gnu-tools-for-stm32.13.3.rel1.win32_1.0.0.202411081344/tools/bin/../lib/gcc/arm-none-eabi/13.3.1/../../../../arm-none-eabi/lib/thumb/v7e-m+fp/hard\libc_nano.a(libc_a-nano-vfprintf_i.o)
                0x080152a8                _printf_i
 .text.std      0x080154e4       0x6c D:/ST/STM32CubeIDE_1.18.1/STM32CubeIDE/plugins/com.st.stm32cube.ide.mcu.externaltools.gnu-tools-for-stm32.13.3.rel1.win32_1.0.0.202411081344/tools/bin/../lib/gcc/arm-none-eabi/13.3.1/../../../../arm-none-eabi/lib/thumb/v7e-m+fp/hard\libc_nano.a(libc_a-findfp.o)
 .text.stdio_exit_handler
                0x08015550       0x18 D:/ST/STM32CubeIDE_1.18.1/STM32CubeIDE/plugins/com.st.stm32cube.ide.mcu.externaltools.gnu-tools-for-stm32.13.3.rel1.win32_1.0.0.202411081344/tools/bin/../lib/gcc/arm-none-eabi/13.3.1/../../../../arm-none-eabi/lib/thumb/v7e-m+fp/hard\libc_nano.a(libc_a-findfp.o)
 .text.cleanup_stdio
                0x08015568       0x40 D:/ST/STM32CubeIDE_1.18.1/STM32CubeIDE/plugins/com.st.stm32cube.ide.mcu.externaltools.gnu-tools-for-stm32.13.3.rel1.win32_1.0.0.202411081344/tools/bin/../lib/gcc/arm-none-eabi/13.3.1/../../../../arm-none-eabi/lib/thumb/v7e-m+fp/hard\libc_nano.a(libc_a-findfp.o)
 .text.global_stdio_init.part.0
                0x080155a8       0x3c D:/ST/STM32CubeIDE_1.18.1/STM32CubeIDE/plugins/com.st.stm32cube.ide.mcu.externaltools.gnu-tools-for-stm32.13.3.rel1.win32_1.0.0.202411081344/tools/bin/../lib/gcc/arm-none-eabi/13.3.1/../../../../arm-none-eabi/lib/thumb/v7e-m+fp/hard\libc_nano.a(libc_a-findfp.o)
 .text.__sfp_lock_acquire
                0x080155e4        0xc D:/ST/STM32CubeIDE_1.18.1/STM32CubeIDE/plugins/com.st.stm32cube.ide.mcu.externaltools.gnu-tools-for-stm32.13.3.rel1.win32_1.0.0.202411081344/tools/bin/../lib/gcc/arm-none-eabi/13.3.1/../../../../arm-none-eabi/lib/thumb/v7e-m+fp/hard\libc_nano.a(libc_a-findfp.o)
                0x080155e4                __sfp_lock_acquire
 .text.__sfp_lock_release
                0x080155f0        0xc D:/ST/STM32CubeIDE_1.18.1/STM32CubeIDE/plugins/com.st.stm32cube.ide.mcu.externaltools.gnu-tools-for-stm32.13.3.rel1.win32_1.0.0.202411081344/tools/bin/../lib/gcc/arm-none-eabi/13.3.1/../../../../arm-none-eabi/lib/thumb/v7e-m+fp/hard\libc_nano.a(libc_a-findfp.o)
                0x080155f0                __sfp_lock_release
 .text.__sinit  0x080155fc       0x30 D:/ST/STM32CubeIDE_1.18.1/STM32CubeIDE/plugins/com.st.stm32cube.ide.mcu.externaltools.gnu-tools-for-stm32.13.3.rel1.win32_1.0.0.202411081344/tools/bin/../lib/gcc/arm-none-eabi/13.3.1/../../../../arm-none-eabi/lib/thumb/v7e-m+fp/hard\libc_nano.a(libc_a-findfp.o)
                0x080155fc                __sinit
 .text._fwalk_sglue
                0x0801562c       0x3c D:/ST/STM32CubeIDE_1.18.1/STM32CubeIDE/plugins/com.st.stm32cube.ide.mcu.externaltools.gnu-tools-for-stm32.13.3.rel1.win32_1.0.0.202411081344/tools/bin/../lib/gcc/arm-none-eabi/13.3.1/../../../../arm-none-eabi/lib/thumb/v7e-m+fp/hard\libc_nano.a(libc_a-fwalk.o)
                0x0801562c                _fwalk_sglue
 .text.printf   0x08015668       0x24 D:/ST/STM32CubeIDE_1.18.1/STM32CubeIDE/plugins/com.st.stm32cube.ide.mcu.externaltools.gnu-tools-for-stm32.13.3.rel1.win32_1.0.0.202411081344/tools/bin/../lib/gcc/arm-none-eabi/13.3.1/../../../../arm-none-eabi/lib/thumb/v7e-m+fp/hard\libc_nano.a(libc_a-printf.o)
                0x08015668                iprintf
                0x08015668                printf
 .text._puts_r  0x0801568c       0xaa D:/ST/STM32CubeIDE_1.18.1/STM32CubeIDE/plugins/com.st.stm32cube.ide.mcu.externaltools.gnu-tools-for-stm32.13.3.rel1.win32_1.0.0.202411081344/tools/bin/../lib/gcc/arm-none-eabi/13.3.1/../../../../arm-none-eabi/lib/thumb/v7e-m+fp/hard\libc_nano.a(libc_a-puts.o)
                0x0801568c                _puts_r
 *fill*         0x08015736        0x2 
 .text.puts     0x08015738       0x10 D:/ST/STM32CubeIDE_1.18.1/STM32CubeIDE/plugins/com.st.stm32cube.ide.mcu.externaltools.gnu-tools-for-stm32.13.3.rel1.win32_1.0.0.202411081344/tools/bin/../lib/gcc/arm-none-eabi/13.3.1/../../../../arm-none-eabi/lib/thumb/v7e-m+fp/hard\libc_nano.a(libc_a-puts.o)
                0x08015738                puts
 .text.__sread  0x08015748       0x22 D:/ST/STM32CubeIDE_1.18.1/STM32CubeIDE/plugins/com.st.stm32cube.ide.mcu.externaltools.gnu-tools-for-stm32.13.3.rel1.win32_1.0.0.202411081344/tools/bin/../lib/gcc/arm-none-eabi/13.3.1/../../../../arm-none-eabi/lib/thumb/v7e-m+fp/hard\libc_nano.a(libc_a-stdio.o)
                0x08015748                __sread
 .text.__swrite
                0x0801576a       0x38 D:/ST/STM32CubeIDE_1.18.1/STM32CubeIDE/plugins/com.st.stm32cube.ide.mcu.externaltools.gnu-tools-for-stm32.13.3.rel1.win32_1.0.0.202411081344/tools/bin/../lib/gcc/arm-none-eabi/13.3.1/../../../../arm-none-eabi/lib/thumb/v7e-m+fp/hard\libc_nano.a(libc_a-stdio.o)
                0x0801576a                __swrite
 .text.__sseek  0x080157a2       0x24 D:/ST/STM32CubeIDE_1.18.1/STM32CubeIDE/plugins/com.st.stm32cube.ide.mcu.externaltools.gnu-tools-for-stm32.13.3.rel1.win32_1.0.0.202411081344/tools/bin/../lib/gcc/arm-none-eabi/13.3.1/../../../../arm-none-eabi/lib/thumb/v7e-m+fp/hard\libc_nano.a(libc_a-stdio.o)
                0x080157a2                __sseek
 .text.__sclose
                0x080157c6        0x8 D:/ST/STM32CubeIDE_1.18.1/STM32CubeIDE/plugins/com.st.stm32cube.ide.mcu.externaltools.gnu-tools-for-stm32.13.3.rel1.win32_1.0.0.202411081344/tools/bin/../lib/gcc/arm-none-eabi/13.3.1/../../../../arm-none-eabi/lib/thumb/v7e-m+fp/hard\libc_nano.a(libc_a-stdio.o)
                0x080157c6                __sclose
 .text.__swbuf_r
                0x080157ce       0x7c D:/ST/STM32CubeIDE_1.18.1/STM32CubeIDE/plugins/com.st.stm32cube.ide.mcu.externaltools.gnu-tools-for-stm32.13.3.rel1.win32_1.0.0.202411081344/tools/bin/../lib/gcc/arm-none-eabi/13.3.1/../../../../arm-none-eabi/lib/thumb/v7e-m+fp/hard\libc_nano.a(libc_a-wbuf.o)
                0x080157ce                __swbuf_r
 *fill*         0x0801584a        0x2 
 .text.__swsetup_r
                0x0801584c       0xac D:/ST/STM32CubeIDE_1.18.1/STM32CubeIDE/plugins/com.st.stm32cube.ide.mcu.externaltools.gnu-tools-for-stm32.13.3.rel1.win32_1.0.0.202411081344/tools/bin/../lib/gcc/arm-none-eabi/13.3.1/../../../../arm-none-eabi/lib/thumb/v7e-m+fp/hard\libc_nano.a(libc_a-wsetup.o)
                0x0801584c                __swsetup_r
 .text.memset   0x080158f8       0x10 D:/ST/STM32CubeIDE_1.18.1/STM32CubeIDE/plugins/com.st.stm32cube.ide.mcu.externaltools.gnu-tools-for-stm32.13.3.rel1.win32_1.0.0.202411081344/tools/bin/../lib/gcc/arm-none-eabi/13.3.1/../../../../arm-none-eabi/lib/thumb/v7e-m+fp/hard\libc_nano.a(libc_a-memset.o)
                0x080158f8                memset
 .text.strncpy  0x08015908       0x26 D:/ST/STM32CubeIDE_1.18.1/STM32CubeIDE/plugins/com.st.stm32cube.ide.mcu.externaltools.gnu-tools-for-stm32.13.3.rel1.win32_1.0.0.202411081344/tools/bin/../lib/gcc/arm-none-eabi/13.3.1/../../../../arm-none-eabi/lib/thumb/v7e-m+fp/hard\libc_nano.a(libc_a-strncpy.o)
                0x08015908                strncpy
 *fill*         0x0801592e        0x2 
 .text._localeconv_r
                0x08015930        0x8 D:/ST/STM32CubeIDE_1.18.1/STM32CubeIDE/plugins/com.st.stm32cube.ide.mcu.externaltools.gnu-tools-for-stm32.13.3.rel1.win32_1.0.0.202411081344/tools/bin/../lib/gcc/arm-none-eabi/13.3.1/../../../../arm-none-eabi/lib/thumb/v7e-m+fp/hard\libc_nano.a(libc_a-localeconv.o)
                0x08015930                _localeconv_r
 .text._close_r
                0x08015938       0x20 D:/ST/STM32CubeIDE_1.18.1/STM32CubeIDE/plugins/com.st.stm32cube.ide.mcu.externaltools.gnu-tools-for-stm32.13.3.rel1.win32_1.0.0.202411081344/tools/bin/../lib/gcc/arm-none-eabi/13.3.1/../../../../arm-none-eabi/lib/thumb/v7e-m+fp/hard\libc_nano.a(libc_a-closer.o)
                0x08015938                _close_r
 .text._lseek_r
                0x08015958       0x24 D:/ST/STM32CubeIDE_1.18.1/STM32CubeIDE/plugins/com.st.stm32cube.ide.mcu.externaltools.gnu-tools-for-stm32.13.3.rel1.win32_1.0.0.202411081344/tools/bin/../lib/gcc/arm-none-eabi/13.3.1/../../../../arm-none-eabi/lib/thumb/v7e-m+fp/hard\libc_nano.a(libc_a-lseekr.o)
                0x08015958                _lseek_r
 .text._read_r  0x0801597c       0x24 D:/ST/STM32CubeIDE_1.18.1/STM32CubeIDE/plugins/com.st.stm32cube.ide.mcu.externaltools.gnu-tools-for-stm32.13.3.rel1.win32_1.0.0.202411081344/tools/bin/../lib/gcc/arm-none-eabi/13.3.1/../../../../arm-none-eabi/lib/thumb/v7e-m+fp/hard\libc_nano.a(libc_a-readr.o)
                0x0801597c                _read_r
 .text._write_r
                0x080159a0       0x24 D:/ST/STM32CubeIDE_1.18.1/STM32CubeIDE/plugins/com.st.stm32cube.ide.mcu.externaltools.gnu-tools-for-stm32.13.3.rel1.win32_1.0.0.202411081344/tools/bin/../lib/gcc/arm-none-eabi/13.3.1/../../../../arm-none-eabi/lib/thumb/v7e-m+fp/hard\libc_nano.a(libc_a-writer.o)
                0x080159a0                _write_r
 .text.__errno  0x080159c4        0xc D:/ST/STM32CubeIDE_1.18.1/STM32CubeIDE/plugins/com.st.stm32cube.ide.mcu.externaltools.gnu-tools-for-stm32.13.3.rel1.win32_1.0.0.202411081344/tools/bin/../lib/gcc/arm-none-eabi/13.3.1/../../../../arm-none-eabi/lib/thumb/v7e-m+fp/hard\libc_nano.a(libc_a-errno.o)
                0x080159c4                __errno
 .text.__libc_init_array
                0x080159d0       0x48 D:/ST/STM32CubeIDE_1.18.1/STM32CubeIDE/plugins/com.st.stm32cube.ide.mcu.externaltools.gnu-tools-for-stm32.13.3.rel1.win32_1.0.0.202411081344/tools/bin/../lib/gcc/arm-none-eabi/13.3.1/../../../../arm-none-eabi/lib/thumb/v7e-m+fp/hard\libc_nano.a(libc_a-init.o)
                0x080159d0                __libc_init_array
 .text.__retarget_lock_init_recursive
                0x08015a18        0x2 D:/ST/STM32CubeIDE_1.18.1/STM32CubeIDE/plugins/com.st.stm32cube.ide.mcu.externaltools.gnu-tools-for-stm32.13.3.rel1.win32_1.0.0.202411081344/tools/bin/../lib/gcc/arm-none-eabi/13.3.1/../../../../arm-none-eabi/lib/thumb/v7e-m+fp/hard\libc_nano.a(libc_a-lock.o)
                0x08015a18                __retarget_lock_init_recursive
 .text.__retarget_lock_acquire_recursive
                0x08015a1a        0x2 D:/ST/STM32CubeIDE_1.18.1/STM32CubeIDE/plugins/com.st.stm32cube.ide.mcu.externaltools.gnu-tools-for-stm32.13.3.rel1.win32_1.0.0.202411081344/tools/bin/../lib/gcc/arm-none-eabi/13.3.1/../../../../arm-none-eabi/lib/thumb/v7e-m+fp/hard\libc_nano.a(libc_a-lock.o)
                0x08015a1a                __retarget_lock_acquire_recursive
 .text.__retarget_lock_release_recursive
                0x08015a1c        0x2 D:/ST/STM32CubeIDE_1.18.1/STM32CubeIDE/plugins/com.st.stm32cube.ide.mcu.externaltools.gnu-tools-for-stm32.13.3.rel1.win32_1.0.0.202411081344/tools/bin/../lib/gcc/arm-none-eabi/13.3.1/../../../../arm-none-eabi/lib/thumb/v7e-m+fp/hard\libc_nano.a(libc_a-lock.o)
                0x08015a1c                __retarget_lock_release_recursive
 .text.memcpy   0x08015a1e       0x1c D:/ST/STM32CubeIDE_1.18.1/STM32CubeIDE/plugins/com.st.stm32cube.ide.mcu.externaltools.gnu-tools-for-stm32.13.3.rel1.win32_1.0.0.202411081344/tools/bin/../lib/gcc/arm-none-eabi/13.3.1/../../../../arm-none-eabi/lib/thumb/v7e-m+fp/hard\libc_nano.a(libc_a-memcpy-stub.o)
                0x08015a1e                memcpy
 .text.quorem   0x08015a3a      0x110 D:/ST/STM32CubeIDE_1.18.1/STM32CubeIDE/plugins/com.st.stm32cube.ide.mcu.externaltools.gnu-tools-for-stm32.13.3.rel1.win32_1.0.0.202411081344/tools/bin/../lib/gcc/arm-none-eabi/13.3.1/../../../../arm-none-eabi/lib/thumb/v7e-m+fp/hard\libc_nano.a(libc_a-dtoa.o)
 *fill*         0x08015b4a        0x6 
 .text._dtoa_r  0x08015b50      0xba0 D:/ST/STM32CubeIDE_1.18.1/STM32CubeIDE/plugins/com.st.stm32cube.ide.mcu.externaltools.gnu-tools-for-stm32.13.3.rel1.win32_1.0.0.202411081344/tools/bin/../lib/gcc/arm-none-eabi/13.3.1/../../../../arm-none-eabi/lib/thumb/v7e-m+fp/hard\libc_nano.a(libc_a-dtoa.o)
                0x08015b50                _dtoa_r
 .text._free_r  0x080166f0       0x94 D:/ST/STM32CubeIDE_1.18.1/STM32CubeIDE/plugins/com.st.stm32cube.ide.mcu.externaltools.gnu-tools-for-stm32.13.3.rel1.win32_1.0.0.202411081344/tools/bin/../lib/gcc/arm-none-eabi/13.3.1/../../../../arm-none-eabi/lib/thumb/v7e-m+fp/hard\libc_nano.a(libc_a-freer.o)
                0x080166f0                _free_r
 .text.malloc   0x08016784       0x10 D:/ST/STM32CubeIDE_1.18.1/STM32CubeIDE/plugins/com.st.stm32cube.ide.mcu.externaltools.gnu-tools-for-stm32.13.3.rel1.win32_1.0.0.202411081344/tools/bin/../lib/gcc/arm-none-eabi/13.3.1/../../../../arm-none-eabi/lib/thumb/v7e-m+fp/hard\libc_nano.a(libc_a-malloc.o)
                0x08016784                malloc
 .text.sbrk_aligned
                0x08016794       0x44 D:/ST/STM32CubeIDE_1.18.1/STM32CubeIDE/plugins/com.st.stm32cube.ide.mcu.externaltools.gnu-tools-for-stm32.13.3.rel1.win32_1.0.0.202411081344/tools/bin/../lib/gcc/arm-none-eabi/13.3.1/../../../../arm-none-eabi/lib/thumb/v7e-m+fp/hard\libc_nano.a(libc_a-mallocr.o)
 .text._malloc_r
                0x080167d8      0x100 D:/ST/STM32CubeIDE_1.18.1/STM32CubeIDE/plugins/com.st.stm32cube.ide.mcu.externaltools.gnu-tools-for-stm32.13.3.rel1.win32_1.0.0.202411081344/tools/bin/../lib/gcc/arm-none-eabi/13.3.1/../../../../arm-none-eabi/lib/thumb/v7e-m+fp/hard\libc_nano.a(libc_a-mallocr.o)
                0x080167d8                _malloc_r
 .text.__malloc_lock
                0x080168d8        0xc D:/ST/STM32CubeIDE_1.18.1/STM32CubeIDE/plugins/com.st.stm32cube.ide.mcu.externaltools.gnu-tools-for-stm32.13.3.rel1.win32_1.0.0.202411081344/tools/bin/../lib/gcc/arm-none-eabi/13.3.1/../../../../arm-none-eabi/lib/thumb/v7e-m+fp/hard\libc_nano.a(libc_a-mlock.o)
                0x080168d8                __malloc_lock
 .text.__malloc_unlock
                0x080168e4        0xc D:/ST/STM32CubeIDE_1.18.1/STM32CubeIDE/plugins/com.st.stm32cube.ide.mcu.externaltools.gnu-tools-for-stm32.13.3.rel1.win32_1.0.0.202411081344/tools/bin/../lib/gcc/arm-none-eabi/13.3.1/../../../../arm-none-eabi/lib/thumb/v7e-m+fp/hard\libc_nano.a(libc_a-mlock.o)
                0x080168e4                __malloc_unlock
 .text._Balloc  0x080168f0       0x80 D:/ST/STM32CubeIDE_1.18.1/STM32CubeIDE/plugins/com.st.stm32cube.ide.mcu.externaltools.gnu-tools-for-stm32.13.3.rel1.win32_1.0.0.202411081344/tools/bin/../lib/gcc/arm-none-eabi/13.3.1/../../../../arm-none-eabi/lib/thumb/v7e-m+fp/hard\libc_nano.a(libc_a-mprec.o)
                0x080168f0                _Balloc